<html>
<body>
<pre>
<h1>µVision Build Log</h1>
<h2>Tool Versions:</h2>
IDE-Version: ¦ÌVision V5.18.0.0
Copyright (C) 2016 ARM Ltd and ARM Germany GmbH. All rights reserved.
License Information: ABC Administrator, aaa, LIC=CZLZX-HUA37-74YS0-BKEME-ILF2J-ARC6N
 
Tool Versions:
Toolchain:       MDK-ARM Standard  Version: 5.18
Toolchain Path:  C:\Keil_v5\ARM\ARMCC\Bin
C Compiler:      Armcc.exe V5.06 update 1 (build 61)
Assembler:       Armasm.exe V5.06 update 1 (build 61)
Linker/Locator:  ArmLink.exe V5.06 update 1 (build 61)
Library Manager: ArmAr.exe V5.06 update 1 (build 61)
Hex Converter:   FromElf.exe V5.06 update 1 (build 61)
CPU DLL:         SARMCM3.DLL V5.18
Dialog DLL:      DCM.DLL V1.13.6.0
Target DLL:      STLink\ST-LINKIII-KEIL_SWO.dll V2.0.18.0
Dialog DLL:      TCM.DLL V1.14.8.0
 
<h2>Project:</h2>
E:\Project\colock_ROTS\MDK-ARM\colock_ROTS.uvprojx
Project File Date:  10/27/2022

<h2>Output:</h2>
*** Using Compiler 'V5.06 update 1 (build 61)', folder: 'C:\Keil_v5\ARM\ARMCC\Bin'
Rebuild target 'colock_ROTS'
assembling startup_stm32f103xb.s...
compiling stm32f1xx_hal_msp.c...
compiling usart.c...
compiling stm32f1xx_it.c...
compiling stm32f1xx_hal_rcc_ex.c...
compiling gpio.c...
compiling stm32f1xx_hal_gpio_ex.c...
compiling stm32f1xx_hal_gpio.c...
compiling stm32f1xx_hal_rcc.c...
compiling stm32f1xx_hal.c...
compiling main.c...
compiling freertos.c...
compiling stm32f1xx_hal_dma.c...
compiling croutine.c...
compiling list.c...
compiling event_groups.c...
compiling stm32f1xx_hal_cortex.c...
compiling stm32f1xx_hal_pwr.c...
compiling stm32f1xx_hal_exti.c...
compiling stm32f1xx_hal_flash_ex.c...
compiling stm32f1xx_hal_flash.c...
compiling stm32f1xx_hal_tim_ex.c...
compiling stm32f1xx_hal_tim.c...
compiling timers.c...
compiling stream_buffer.c...
compiling queue.c...
compiling system_stm32f1xx.c...
compiling tasks.c...
compiling stm32f1xx_hal_uart.c...
compiling heap_4.c...
compiling para.c...
compiling cmsis_os.c...
compiling port.c...
compiling atgm336h.c...
..\uart\Src\atgm336h.c(85): warning:  #223-D: function "printf" declared implicitly
  		printf("???ö³É¹¦£?");
..\uart\Src\atgm336h.c(163): warning:  #223-D: function "atoi" declared implicitly
  		_GPS_Data_Time.GPS_year=atoi(year)+2000;
..\uart\Src\atgm336h.c: 2 warnings, 0 errors
compiling oled.c...
compiling delay.c...
compiling ds3231.c...
compiling Transaction.c...
linking...
Program Size: Code=9720 RO-data=3640 RW-data=384 ZI-data=15624  
FromELF: creating hex file...
"colock_ROTS\colock_ROTS.axf" - 0 Error(s), 2 Warning(s).

<h2>Software Packages used:</h2>

Package Vendor: ARM
                http://www.keil.com/pack/ARM.CMSIS.4.5.0.pack
                ARM::CMSIS:CORE:4.3.0
                CMSIS (Cortex Microcontroller Software Interface Standard)
   * Component: CORE Version: 4.3.0

<h2>Collection of Component include folders:</h2>
  E:\Project\colock_ROTS\MDK-ARM\RTE
  C:\Keil_v5\ARM\PACK\ARM\CMSIS\4.5.0\CMSIS\Include
  C:\Keil_v5\ARM\PACK\Keil\STM32F1xx_DFP\2.4.0\Device\Include

<h2>Collection of Component Files used:</h2>

   * Component: ARM::CMSIS:CORE:4.3.0
Build Time Elapsed:  00:00:05
</pre>
</body>
</html>
