Component: ARM Compiler 5.06 update 1 (build 61) Tool: armlink [4d35a8]

==============================================================================

Section Cross References

    startup_stm32f103xb.o(STACK) refers (Special) to heapauxi.o(.text) for __use_two_region_memory
    startup_stm32f103xb.o(HEAP) refers (Special) to heapauxi.o(.text) for __use_two_region_memory
    startup_stm32f103xb.o(RESET) refers (Special) to heapauxi.o(.text) for __use_two_region_memory
    startup_stm32f103xb.o(RESET) refers to startup_stm32f103xb.o(STACK) for __initial_sp
    startup_stm32f103xb.o(RESET) refers to startup_stm32f103xb.o(.text) for Reset_Handler
    startup_stm32f103xb.o(RESET) refers to stm32f1xx_it.o(i.NMI_Handler) for NMI_Handler
    startup_stm32f103xb.o(RESET) refers to stm32f1xx_it.o(i.HardFault_Handler) for HardFault_Handler
    startup_stm32f103xb.o(RESET) refers to stm32f1xx_it.o(i.MemManage_Handler) for MemManage_Handler
    startup_stm32f103xb.o(RESET) refers to stm32f1xx_it.o(i.BusFault_Handler) for BusFault_Handler
    startup_stm32f103xb.o(RESET) refers to stm32f1xx_it.o(i.UsageFault_Handler) for UsageFault_Handler
    startup_stm32f103xb.o(RESET) refers to port.o(.emb_text) for SVC_Handler
    startup_stm32f103xb.o(RESET) refers to stm32f1xx_it.o(i.DebugMon_Handler) for DebugMon_Handler
    startup_stm32f103xb.o(RESET) refers to stm32f1xx_it.o(i.SysTick_Handler) for SysTick_Handler
    startup_stm32f103xb.o(RESET) refers to stm32f1xx_it.o(i.EXTI9_5_IRQHandler) for EXTI9_5_IRQHandler
    startup_stm32f103xb.o(RESET) refers to stm32f1xx_it.o(i.USART2_IRQHandler) for USART2_IRQHandler
    startup_stm32f103xb.o(.text) refers (Special) to heapauxi.o(.text) for __use_two_region_memory
    startup_stm32f103xb.o(.text) refers to system_stm32f1xx.o(i.SystemInit) for SystemInit
    startup_stm32f103xb.o(.text) refers to __main.o(!!!main) for __main
    startup_stm32f103xb.o(.text) refers to startup_stm32f103xb.o(HEAP) for Heap_Mem
    startup_stm32f103xb.o(.text) refers to startup_stm32f103xb.o(STACK) for Stack_Mem
    main.o(i.SystemClock_Config) refers to rt_memclr_w.o(.text) for __aeabi_memclr4
    main.o(i.SystemClock_Config) refers to stm32f1xx_hal_rcc.o(i.HAL_RCC_OscConfig) for HAL_RCC_OscConfig
    main.o(i.SystemClock_Config) refers to stm32f1xx_hal_rcc.o(i.HAL_RCC_ClockConfig) for HAL_RCC_ClockConfig
    main.o(i.fputc) refers to stm32f1xx_hal_uart.o(i.HAL_UART_Transmit) for HAL_UART_Transmit
    main.o(i.fputc) refers to usart.o(.bss) for huart1
    main.o(i.main) refers to stm32f1xx_hal.o(i.HAL_Init) for HAL_Init
    main.o(i.main) refers to main.o(i.SystemClock_Config) for SystemClock_Config
    main.o(i.main) refers to gpio.o(i.MX_GPIO_Init) for MX_GPIO_Init
    main.o(i.main) refers to usart.o(i.MX_USART1_UART_Init) for MX_USART1_UART_Init
    main.o(i.main) refers to usart.o(i.MX_USART2_UART_Init) for MX_USART2_UART_Init
    main.o(i.main) refers to usart.o(i.MX_USART3_UART_Init) for MX_USART3_UART_Init
    main.o(i.main) refers to oled.o(i.OLED_init) for OLED_init
    main.o(i.main) refers to oled.o(i.OLED_Clear) for OLED_Clear
    main.o(i.main) refers to stm32f1xx_hal_gpio.o(i.HAL_GPIO_WritePin) for HAL_GPIO_WritePin
    main.o(i.main) refers to tasks.o(i.xTaskCreate) for xTaskCreate
    main.o(i.main) refers to tasks.o(i.vTaskStartScheduler) for vTaskStartScheduler
    main.o(i.main) refers to freertos.o(i.MX_FREERTOS_Init) for MX_FREERTOS_Init
    main.o(i.main) refers to cmsis_os.o(i.osKernelStart) for osKernelStart
    main.o(i.main) refers to freertos.o(i.vTask1) for vTask1
    gpio.o(i.HAL_GPIO_EXTI_Callback) refers to delay.o(i.delay_us) for delay_us
    gpio.o(i.HAL_GPIO_EXTI_Callback) refers to stm32f1xx_hal_gpio.o(i.HAL_GPIO_ReadPin) for HAL_GPIO_ReadPin
    gpio.o(i.HAL_GPIO_EXTI_Callback) refers to transaction.o(i.menu) for menu
    gpio.o(i.HAL_GPIO_EXTI_Callback) refers to transaction.o(.data) for table
    gpio.o(i.MX_GPIO_Init) refers to stm32f1xx_hal_gpio.o(i.HAL_GPIO_WritePin) for HAL_GPIO_WritePin
    gpio.o(i.MX_GPIO_Init) refers to stm32f1xx_hal_gpio.o(i.HAL_GPIO_Init) for HAL_GPIO_Init
    gpio.o(i.MX_GPIO_Init) refers to stm32f1xx_hal_cortex.o(i.HAL_NVIC_SetPriority) for HAL_NVIC_SetPriority
    gpio.o(i.MX_GPIO_Init) refers to stm32f1xx_hal_cortex.o(i.HAL_NVIC_EnableIRQ) for HAL_NVIC_EnableIRQ
    freertos.o(i.LSQ_StartTask02) refers to cmsis_os.o(i.osDelay) for osDelay
    freertos.o(i.MX_FREERTOS_Init) refers to rt_memcpy_w.o(.text) for __aeabi_memcpy4
    freertos.o(i.MX_FREERTOS_Init) refers to cmsis_os.o(i.osThreadCreate) for osThreadCreate
    freertos.o(i.MX_FREERTOS_Init) refers to freertos.o(.constdata) for .constdata
    freertos.o(i.MX_FREERTOS_Init) refers to freertos.o(.data) for .data
    freertos.o(i.StartDefaultTask) refers to cmsis_os.o(i.osDelay) for osDelay
    freertos.o(i.vApplicationGetIdleTaskMemory) refers to freertos.o(.bss) for .bss
    freertos.o(i.vTask1) refers to cmsis_os.o(i.osDelay) for osDelay
[...]
    ../clib/printf.c                         0x00000000   Number         0  __printf_flags_ss.o ABSOLUTE
    ../clib/printf.c                         0x00000000   Number         0  __printf_nopercent.o ABSOLUTE
    ../clib/printf.c                         0x00000000   Number         0  _printf_wctomb.o ABSOLUTE
    ../clib/printf.c                         0x00000000   Number         0  _printf_char_file.o ABSOLUTE
    ../clib/printf.c                         0x00000000   Number         0  _printf_intcommon.o ABSOLUTE
    ../clib/printf.c                         0x00000000   Number         0  _printf_charcount.o ABSOLUTE
    ../clib/printf.c                         0x00000000   Number         0  _printf_fp_dec.o ABSOLUTE
    ../clib/printf.c                         0x00000000   Number         0  _printf_dec.o ABSOLUTE
    ../clib/printf.c                         0x00000000   Number         0  _printf_fp_hex.o ABSOLUTE
    ../clib/printf.c                         0x00000000   Number         0  _printf_pad.o ABSOLUTE
    ../clib/printf.c                         0x00000000   Number         0  _printf_str.o ABSOLUTE
    ../clib/printf.c                         0x00000000   Number         0  _printf_char_common.o ABSOLUTE
    ../clib/printf.c                         0x00000000   Number         0  _printf_truncate.o ABSOLUTE
    ../clib/printf.c                         0x00000000   Number         0  __printf.o ABSOLUTE
    ../clib/printf.c                         0x00000000   Number         0  __printf_ss.o ABSOLUTE
    ../clib/printf.c                         0x00000000   Number         0  __printf_flags.o ABSOLUTE
    ../clib/printf.c                         0x00000000   Number         0  __printf_ss_wp.o ABSOLUTE
    ../clib/printf.c                         0x00000000   Number         0  _printf_char.o ABSOLUTE
    ../clib/printf_percent.s                 0x00000000   Number         0  _printf_lc.o ABSOLUTE
    ../clib/printf_percent.s                 0x00000000   Number         0  _printf_ls.o ABSOLUTE
    ../clib/printf_percent.s                 0x00000000   Number         0  _printf_llo.o ABSOLUTE
    ../clib/printf_percent.s                 0x00000000   Number         0  _printf_llx.o ABSOLUTE
    ../clib/printf_percent.s                 0x00000000   Number         0  _printf_percent_end.o ABSOLUTE
    ../clib/printf_percent.s                 0x00000000   Number         0  _printf_o.o ABSOLUTE
    ../clib/printf_percent.s                 0x00000000   Number         0  _printf_c.o ABSOLUTE
    ../clib/printf_percent.s                 0x00000000   Number         0  _printf_s.o ABSOLUTE
    ../clib/printf_percent.s                 0x00000000   Number         0  _printf_n.o ABSOLUTE
    ../clib/printf_percent.s                 0x00000000   Number         0  _printf_x.o ABSOLUTE
    ../clib/printf_percent.s                 0x00000000   Number         0  _printf_p.o ABSOLUTE
    ../clib/printf_percent.s                 0x00000000   Number         0  _printf_i.o ABSOLUTE
    ../clib/printf_percent.s                 0x00000000   Number         0  _printf_d.o ABSOLUTE
    ../clib/printf_percent.s                 0x00000000   Number         0  _printf_u.o ABSOLUTE
    ../clib/printf_percent.s                 0x00000000   Number         0  _printf_f.o ABSOLUTE
    ../clib/printf_percent.s                 0x00000000   Number         0  _printf_e.o ABSOLUTE
    ../clib/printf_percent.s                 0x00000000   Number         0  _printf_g.o ABSOLUTE
    ../clib/printf_percent.s                 0x00000000   Number         0  _printf_a.o ABSOLUTE
    ../clib/printf_percent.s                 0x00000000   Number         0  _printf_percent.o ABSOLUTE
    ../clib/printf_percent.s                 0x00000000   Number         0  _printf_lli.o ABSOLUTE
    ../clib/printf_percent.s                 0x00000000   Number         0  _printf_lld.o ABSOLUTE
    ../clib/printf_percent.s                 0x00000000   Number         0  _printf_llu.o ABSOLUTE
    ../clib/printf_percent.s                 0x00000000   Number         0  _printf_ll.o ABSOLUTE
    ../clib/printf_percent.s                 0x00000000   Number         0  _printf_l.o ABSOLUTE
    ../clib/scanf.c                          0x00000000   Number         0  atoi.o ABSOLUTE
    ../clib/scanf.c                          0x00000000   Number         0  _chval.o ABSOLUTE
    ../clib/scanf.c                          0x00000000   Number         0  strtol.o ABSOLUTE
    ../clib/scanf.c                          0x00000000   Number         0  _strtoul.o ABSOLUTE
    ../clib/signal.c                         0x00000000   Number         0  defsig_rtmem_outer.o ABSOLUTE
    ../clib/signal.c                         0x00000000   Number         0  defsig_rtred_formal.o ABSOLUTE
    ../clib/signal.c                         0x00000000   Number         0  defsig_rtred_outer.o ABSOLUTE
    ../clib/signal.c                         0x00000000   Number         0  defsig_exit.o ABSOLUTE
    ../clib/signal.c                         0x00000000   Number         0  defsig_pvfn_inner.o ABSOLUTE
    ../clib/signal.c                         0x00000000   Number         0  defsig_rtmem_inner.o ABSOLUTE
    ../clib/signal.c                         0x00000000   Number         0  defsig_abrt_inner.o ABSOLUTE
    ../clib/signal.c                         0x00000000   Number         0  defsig_rtred_inner.o ABSOLUTE
    ../clib/signal.c                         0x00000000   Number         0  defsig_segv_inner.o ABSOLUTE
    ../clib/signal.c                         0x00000000   Number         0  defsig_fpe_inner.o ABSOLUTE
    ../clib/signal.c                         0x00000000   Number         0  defsig_stak_inner.o ABSOLUTE
    ../clib/signal.c                         0x00000000   Number         0  defsig_cppl_inner.o ABSOLUTE
    ../clib/signal.c                         0x00000000   Number         0  defsig_other.o ABSOLUTE
    ../clib/signal.c                         0x00000000   Number         0  defsig_rtmem_formal.o ABSOLUTE
    ../clib/signal.c                         0x00000000   Number         0  __raise.o ABSOLUTE
    ../clib/signal.c                         0x00000000   Number         0  defsig_general.o ABSOLUTE
    ../clib/signal.s                         0x00000000   Number         0  defsig.o ABSOLUTE
    ../clib/stdio.c                          0x00000000   Number         0  setvbuf.o ABSOLUTE
    ../clib/stdio.c                          0x00000000   Number         0  ferror_locked.o ABSOLUTE
    ../clib/stdio.c                          0x00000000   Number         0  initio.o ABSOLUTE
    ../clib/stdio.c                          0x00000000   Number         0  ftell.o ABSOLUTE
    ../clib/stdio.c                          0x00000000   Number         0  ferror.o ABSOLUTE
    ../clib/stdio.c                          0x00000000   Number         0  stdio_streams.o ABSOLUTE
    ../clib/stdio.c                          0x00000000   Number         0  initio_locked.o ABSOLUTE
    ../clib/stdio.c                          0x00000000   Number         0  fseek.o ABSOLUTE
    ../clib/stdio.c                          0x00000000   Number         0  stdio.o ABSOLUTE
    ../clib/stdio.c                          0x00000000   Number         0  fopen_locked.o ABSOLUTE
    ../clib/stdio.c                          0x00000000   Number         0  setvbuf_locked.o ABSOLUTE
    ../clib/stdio.c                          0x00000000   Number         0  fclose.o ABSOLUTE
    ../clib/stdio.c                          0x00000000   Number         0  fopen.o ABSOLUTE
    ../clib/stdio.c                          0x00000000   Number         0  streamlock.o ABSOLUTE
    ../clib/stdlib.c                         0x00000000   Number         0  exit.o ABSOLUTE
    ../clib/string.c                         0x00000000   Number         0  strlen.o ABSOLUTE
    ../clib/string.c                         0x00000000   Number         0  strstr.o ABSOLUTE
    ../fplib/fpinit.s                        0x00000000   Number         0  fpinit.o ABSOLUTE
    ../fplib/istatus.s                       0x00000000   Number         0  istatus.o ABSOLUTE
    ../fplib/printf1.s                       0x00000000   Number         0  printf1.o ABSOLUTE
    ../fplib/printf2.s                       0x00000000   Number         0  printf2.o ABSOLUTE
    ../fplib/printf2a.s                      0x00000000   Number         0  printf2a.o ABSOLUTE
    ../fplib/printf2b.s                      0x00000000   Number         0  printf2b.o ABSOLUTE
    ../fplib/usenofp.s                       0x00000000   Number         0  usenofp.o ABSOLUTE
    ../mathlib/fpclassify.c                  0x00000000   Number         0  fpclassify.o ABSOLUTE
    ..\Core\Src\freertos.c                   0x00000000   Number         0  freertos.o ABSOLUTE
    ..\Core\Src\gpio.c                       0x00000000   Number         0  gpio.o ABSOLUTE
    ..\Core\Src\main.c                       0x00000000   Number         0  main.o ABSOLUTE
    ..\Core\Src\stm32f1xx_hal_msp.c          0x00000000   Number         0  stm32f1xx_hal_msp.o ABSOLUTE
    ..\Core\Src\stm32f1xx_it.c               0x00000000   Number         0  stm32f1xx_it.o ABSOLUTE
    ..\Core\Src\system_stm32f1xx.c           0x00000000   Number         0  system_stm32f1xx.o ABSOLUTE
    ..\Core\Src\usart.c                      0x00000000   Number         0  usart.o ABSOLUTE
    ..\Drivers\STM32F1xx_HAL_Driver\Src\stm32f1xx_hal.c 0x00000000   Number         0  stm32f1xx_hal.o ABSOLUTE
    ..\Drivers\STM32F1xx_HAL_Driver\Src\stm32f1xx_hal_cortex.c 0x00000000   Number         0  stm32f1xx_hal_cortex.o ABSOLUTE
    ..\Drivers\STM32F1xx_HAL_Driver\Src\stm32f1xx_hal_dma.c 0x00000000   Number         0  stm32f1xx_hal_dma.o ABSOLUTE
    ..\Drivers\STM32F1xx_HAL_Driver\Src\stm32f1xx_hal_exti.c 0x00000000   Number         0  stm32f1xx_hal_exti.o ABSOLUTE
    ..\Drivers\STM32F1xx_HAL_Driver\Src\stm32f1xx_hal_flash.c 0x00000000   Number         0  stm32f1xx_hal_flash.o ABSOLUTE
    ..\Drivers\STM32F1xx_HAL_Driver\Src\stm32f1xx_hal_flash_ex.c 0x00000000   Number         0  stm32f1xx_hal_flash_ex.o ABSOLUTE
    ..\Drivers\STM32F1xx_HAL_Driver\Src\stm32f1xx_hal_gpio.c 0x00000000   Number         0  stm32f1xx_hal_gpio.o ABSOLUTE
    ..\Drivers\STM32F1xx_HAL_Driver\Src\stm32f1xx_hal_gpio_ex.c 0x00000000   Number         0  stm32f1xx_hal_gpio_ex.o ABSOLUTE
    ..\Drivers\STM32F1xx_HAL_Driver\Src\stm32f1xx_hal_pwr.c 0x00000000   Number         0  stm32f1xx_hal_pwr.o ABSOLUTE
    ..\Drivers\STM32F1xx_HAL_Driver\Src\stm32f1xx_hal_rcc.c 0x00000000   Number         0  stm32f1xx_hal_rcc.o ABSOLUTE
    ..\Drivers\STM32F1xx_HAL_Driver\Src\stm32f1xx_hal_rcc_ex.c 0x00000000   Number         0  stm32f1xx_hal_rcc_ex.o ABSOLUTE
    ..\Drivers\STM32F1xx_HAL_Driver\Src\stm32f1xx_hal_tim.c 0x00000000   Number         0  stm32f1xx_hal_tim.o ABSOLUTE
    ..\Drivers\STM32F1xx_HAL_Driver\Src\stm32f1xx_hal_tim_ex.c 0x00000000   Number         0  stm32f1xx_hal_tim_ex.o ABSOLUTE
    ..\Drivers\STM32F1xx_HAL_Driver\Src\stm32f1xx_hal_uart.c 0x00000000   Number         0  stm32f1xx_hal_uart.o ABSOLUTE
    ..\Middlewares\Third_Party\FreeRTOS\Source\CMSIS_RTOS\cmsis_os.c 0x00000000   Number         0  cmsis_os.o ABSOLUTE
    ..\Middlewares\Third_Party\FreeRTOS\Source\portable\RVDS\ARM_CM3\port.c 0x00000000   Number         0  port.o ABSOLUTE
    ..\\uart\\Src\\Transaction.c             0x00000000   Number         0  transaction.o ABSOLUTE
    ..\\uart\\Src\\delay.c                   0x00000000   Number         0  delay.o ABSOLUTE
    ..\\uart\\Src\\ds3231.c                  0x00000000   Number         0  ds3231.o ABSOLUTE
    ..\\uart\\Src\\oled.c                    0x00000000   Number         0  oled.o ABSOLUTE
    ..\uart\Src\Transaction.c                0x00000000   Number         0  transaction.o ABSOLUTE
    ..\uart\Src\atgm336h.c                   0x00000000   Number         0  atgm336h.o ABSOLUTE
    ..\uart\Src\delay.c                      0x00000000   Number         0  delay.o ABSOLUTE
    ..\uart\Src\ds3231.c                     0x00000000   Number         0  ds3231.o ABSOLUTE
    ..\uart\Src\oled.c                       0x00000000   Number         0  oled.o ABSOLUTE
    ..\uart\Src\para.c                       0x00000000   Number         0  para.o ABSOLUTE
    dc.s                                     0x00000000   Number         0  dc.o ABSOLUTE
    startup_stm32f103xb.s                    0x00000000   Number         0  startup_stm32f103xb.o ABSOLUTE
    RESET                                    0x08000000   Section      236  startup_stm32f103xb.o(RESET)
    !!!main                                  0x080000ec   Section        8  __main.o(!!!main)
    !!!scatter                               0x080000f4   Section       52  __scatter.o(!!!scatter)
    !!dczerorl2                              0x08000128   Section       90  __dczerorl2.o(!!dczerorl2)
    !!handler_zi                             0x08000184   Section       28  __scatter_zi.o(!!handler_zi)
    .ARM.Collect$$libinit$$00000000          0x080001a0   Section        2  libinit.o(.ARM.Collect$$libinit$$00000000)
    .ARM.Collect$$libinit$$00000002          0x080001a2   Section        0  libinit2.o(.ARM.Collect$$libinit$$00000002)
    .ARM.Collect$$libinit$$00000004          0x080001a2   Section        0  libinit2.o(.ARM.Collect$$libinit$$00000004)
    .ARM.Collect$$libinit$$0000000A          0x080001a2   Section        0  libinit2.o(.ARM.Collect$$libinit$$0000000A)
    .ARM.Collect$$libinit$$0000000C          0x080001a2   Section        0  libinit2.o(.ARM.Collect$$libinit$$0000000C)
    .ARM.Collect$$libinit$$0000000E          0x080001a2   Section        0  libinit2.o(.ARM.Collect$$libinit$$0000000E)
    .ARM.Collect$$libinit$$00000011          0x080001a2   Section        0  libinit2.o(.ARM.Collect$$libinit$$00000011)
    .ARM.Collect$$libinit$$00000013          0x080001a2   Section        0  libinit2.o(.ARM.Collect$$libinit$$00000013)
    .ARM.Collect$$libinit$$00000015          0x080001a2   Section        0  libinit2.o(.ARM.Collect$$libinit$$00000015)
    .ARM.Collect$$libinit$$00000017          0x080001a2   Section        0  libinit2.o(.ARM.Collect$$libinit$$00000017)
    .ARM.Collect$$libinit$$00000019          0x080001a2   Section        0  libinit2.o(.ARM.Collect$$libinit$$00000019)
    .ARM.Collect$$libinit$$0000001B          0x080001a2   Section        0  libinit2.o(.ARM.Collect$$libinit$$0000001B)
    .ARM.Collect$$libinit$$0000001D          0x080001a2   Section        0  libinit2.o(.ARM.Collect$$libinit$$0000001D)
    .ARM.Collect$$libinit$$0000001F          0x080001a2   Section        0  libinit2.o(.ARM.Collect$$libinit$$0000001F)
    .ARM.Collect$$libinit$$00000021          0x080001a2   Section        0  libinit2.o(.ARM.Collect$$libinit$$00000021)
    .ARM.Collect$$libinit$$00000023          0x080001a2   Section        0  libinit2.o(.ARM.Collect$$libinit$$00000023)
    .ARM.Collect$$libinit$$00000025          0x080001a2   Section        0  libinit2.o(.ARM.Collect$$libinit$$00000025)
    .ARM.Collect$$libinit$$0000002C          0x080001a2   Section        0  libinit2.o(.ARM.Collect$$libinit$$0000002C)
    .ARM.Collect$$libinit$$0000002E          0x080001a2   Section        0  libinit2.o(.ARM.Collect$$libinit$$0000002E)
    .ARM.Collect$$libinit$$00000030          0x080001a2   Section        0  libinit2.o(.ARM.Collect$$libinit$$00000030)
    .ARM.Collect$$libinit$$00000032          0x080001a2   Section        0  libinit2.o(.ARM.Collect$$libinit$$00000032)
    .ARM.Collect$$libinit$$00000033          0x080001a2   Section        2  libinit2.o(.ARM.Collect$$libinit$$00000033)
    .ARM.Collect$$libshutdown$$00000000      0x080001a4   Section        2  libshutdown.o(.ARM.Collect$$libshutdown$$00000000)
    .ARM.Collect$$libshutdown$$00000002      0x080001a6   Section        0  libshutdown2.o(.ARM.Collect$$libshutdown$$00000002)
    .ARM.Collect$$libshutdown$$00000004      0x080001a6   Section        0  libshutdown2.o(.ARM.Collect$$libshutdown$$00000004)
    .ARM.Collect$$libshutdown$$00000007      0x080001a6   Section        0  libshutdown2.o(.ARM.Collect$$libshutdown$$00000007)
    .ARM.Collect$$libshutdown$$0000000A      0x080001a6   Section        0  libshutdown2.o(.ARM.Collect$$libshutdown$$0000000A)
    .ARM.Collect$$libshutdown$$0000000C      0x080001a6   Section        0  libshutdown2.o(.ARM.Collect$$libshutdown$$0000000C)
    .ARM.Collect$$libshutdown$$0000000F      0x080001a6   Section        0  libshutdown2.o(.ARM.Collect$$libshutdown$$0000000F)
    .ARM.Collect$$libshutdown$$00000010      0x080001a6   Section        2  libshutdown2.o(.ARM.Collect$$libshutdown$$00000010)
    .ARM.Collect$$rtentry$$00000000          0x080001a8   Section        0  __rtentry.o(.ARM.Collect$$rtentry$$00000000)
    .ARM.Collect$$rtentry$$00000002          0x080001a8   Section        0  __rtentry2.o(.ARM.Collect$$rtentry$$00000002)
    .ARM.Collect$$rtentry$$00000004          0x080001a8   Section        6  __rtentry4.o(.ARM.Collect$$rtentry$$00000004)
    .ARM.Collect$$rtentry$$00000009          0x080001ae   Section        0  __rtentry2.o(.ARM.Collect$$rtentry$$00000009)
    .ARM.Collect$$rtentry$$0000000A          0x080001ae   Section        4  __rtentry2.o(.ARM.Collect$$rtentry$$0000000A)
    .ARM.Collect$$rtentry$$0000000C          0x080001b2   Section        0  __rtentry2.o(.ARM.Collect$$rtentry$$0000000C)
    .ARM.Collect$$rtentry$$0000000D          0x080001b2   Section        8  __rtentry2.o(.ARM.Collect$$rtentry$$0000000D)
    .ARM.Collect$$rtexit$$00000000           0x080001ba   Section        2  rtexit.o(.ARM.Collect$$rtexit$$00000000)
    .ARM.Collect$$rtexit$$00000002           0x080001bc   Section        0  rtexit2.o(.ARM.Collect$$rtexit$$00000002)
    .ARM.Collect$$rtexit$$00000003           0x080001bc   Section        4  rtexit2.o(.ARM.Collect$$rtexit$$00000003)
    .ARM.Collect$$rtexit$$00000004           0x080001c0   Section        6  rtexit2.o(.ARM.Collect$$rtexit$$00000004)
    .emb_text                                0x080001c8   Section      150  port.o(.emb_text)
    .text                                    0x08000260   Section       64  startup_stm32f103xb.o(.text)
    .text                                    0x080002a0   Section      138  rt_memcpy_v6.o(.text)
    .text                                    0x0800032a   Section      100  rt_memcpy_w.o(.text)
    .text                                    0x0800038e   Section       68  rt_memclr.o(.text)
    .text                                    0x080003d2   Section       78  rt_memclr_w.o(.text)
    .text                                    0x08000420   Section        0  heapauxi.o(.text)
    .text                                    0x08000428   Section        8  libspace.o(.text)
    .text                                    0x08000430   Section       74  sys_stackheap_outer.o(.text)
    .text                                    0x0800047a   Section        0  exit.o(.text)
    .text                                    0x0800048c   Section        2  use_no_semi.o(.text)
    .text                                    0x0800048e   Section        0  indicate_semi.o(.text)
    .text                                    0x08000490   Section        0  sys_exit.o(.text)
    i.BusFault_Handler                       0x0800049c   Section        0  stm32f1xx_it.o(i.BusFault_Handler)
    i.Column_set                             0x0800049e   Section        0  oled.o(i.Column_set)
    i.DebugMon_Handler                       0x080004ba   Section        0  stm32f1xx_it.o(i.DebugMon_Handler)
    i.EXTI9_5_IRQHandler                     0x080004bc   Section        0  stm32f1xx_it.o(i.EXTI9_5_IRQHandler)
    i.Error_Handler                          0x080004c2   Section        0  main.o(i.Error_Handler)
    i.HAL_DMA_Abort                          0x080004c6   Section        0  stm32f1xx_hal_dma.o(i.HAL_DMA_Abort)
    i.HAL_DMA_Abort_IT                       0x0800050c   Section        0  stm32f1xx_hal_dma.o(i.HAL_DMA_Abort_IT)
    i.HAL_GPIO_EXTI_Callback                 0x080005a4   Section        0  gpio.o(i.HAL_GPIO_EXTI_Callback)
    i.HAL_GPIO_EXTI_IRQHandler               0x080005e4   Section        0  stm32f1xx_hal_gpio.o(i.HAL_GPIO_EXTI_IRQHandler)
    i.HAL_GPIO_Init                          0x080005fc   Section        0  stm32f1xx_hal_gpio.o(i.HAL_GPIO_Init)
    i.HAL_GPIO_ReadPin                       0x080007dc   Section        0  stm32f1xx_hal_gpio.o(i.HAL_GPIO_ReadPin)
    i.HAL_GPIO_WritePin                      0x080007e6   Section        0  stm32f1xx_hal_gpio.o(i.HAL_GPIO_WritePin)
    i.HAL_GetTick                            0x080007f0   Section        0  stm32f1xx_hal.o(i.HAL_GetTick)
    i.HAL_IncTick                            0x080007fc   Section        0  stm32f1xx_hal.o(i.HAL_IncTick)
    i.HAL_Init                               0x0800080c   Section        0  stm32f1xx_hal.o(i.HAL_Init)
    i.HAL_InitTick                           0x08000830   Section        0  stm32f1xx_hal.o(i.HAL_InitTick)
    i.HAL_MspInit                            0x08000870   Section        0  stm32f1xx_hal_msp.o(i.HAL_MspInit)
    i.HAL_NVIC_EnableIRQ                     0x080008b8   Section        0  stm32f1xx_hal_cortex.o(i.HAL_NVIC_EnableIRQ)
    i.HAL_NVIC_SetPriority                   0x080008d4   Section        0  stm32f1xx_hal_cortex.o(i.HAL_NVIC_SetPriority)
    i.HAL_NVIC_SetPriorityGrouping           0x08000914   Section        0  stm32f1xx_hal_cortex.o(i.HAL_NVIC_SetPriorityGrouping)
    i.HAL_RCC_ClockConfig                    0x08000938   Section        0  stm32f1xx_hal_rcc.o(i.HAL_RCC_ClockConfig)
    i.HAL_RCC_GetPCLK1Freq                   0x08000a64   Section        0  stm32f1xx_hal_rcc.o(i.HAL_RCC_GetPCLK1Freq)
    i.HAL_RCC_GetPCLK2Freq                   0x08000a84   Section        0  stm32f1xx_hal_rcc.o(i.HAL_RCC_GetPCLK2Freq)
    i.HAL_RCC_GetSysClockFreq                0x08000aa4   Section        0  stm32f1xx_hal_rcc.o(i.HAL_RCC_GetSysClockFreq)
    i.HAL_RCC_OscConfig                      0x08000b10   Section        0  stm32f1xx_hal_rcc.o(i.HAL_RCC_OscConfig)
    i.HAL_SYSTICK_Config                     0x08000e30   Section        0  stm32f1xx_hal_cortex.o(i.HAL_SYSTICK_Config)
    i.HAL_UARTEx_RxEventCallback             0x08000e58   Section        0  stm32f1xx_hal_uart.o(i.HAL_UARTEx_RxEventCallback)
    i.HAL_UART_ErrorCallback                 0x08000e5a   Section        0  stm32f1xx_hal_uart.o(i.HAL_UART_ErrorCallback)
    i.HAL_UART_IRQHandler                    0x08000e5c   Section        0  stm32f1xx_hal_uart.o(i.HAL_UART_IRQHandler)
    i.HAL_UART_Init                          0x08001068   Section        0  stm32f1xx_hal_uart.o(i.HAL_UART_Init)
    i.HAL_UART_MspInit                       0x080010cc   Section        0  usart.o(i.HAL_UART_MspInit)
    i.HAL_UART_Receive_IT                    0x080011dc   Section        0  stm32f1xx_hal_uart.o(i.HAL_UART_Receive_IT)
    i.HAL_UART_RxCpltCallback                0x08001208   Section        0  usart.o(i.HAL_UART_RxCpltCallback)
    i.HAL_UART_TxCpltCallback                0x08001318   Section        0  stm32f1xx_hal_uart.o(i.HAL_UART_TxCpltCallback)
    i.HardFault_Handler                      0x0800131a   Section        0  stm32f1xx_it.o(i.HardFault_Handler)
    i.IIC_start                              0x0800131c   Section        0  oled.o(i.IIC_start)
    i.IIC_stop                               0x0800136c   Section        0  oled.o(i.IIC_stop)
    i.IIC_write                              0x080013a8   Section        0  oled.o(i.IIC_write)
    i.LSQ_StartTask02                        0x08001440   Section        0  freertos.o(i.LSQ_StartTask02)
    i.MX_FREERTOS_Init                       0x0800144c   Section        0  freertos.o(i.MX_FREERTOS_Init)
    i.MX_GPIO_Init                           0x08001488   Section        0  gpio.o(i.MX_GPIO_Init)
    i.MX_USART1_UART_Init                    0x0800153c   Section        0  usart.o(i.MX_USART1_UART_Init)
    i.MX_USART2_UART_Init                    0x08001574   Section        0  usart.o(i.MX_USART2_UART_Init)
    i.MX_USART3_UART_Init                    0x080015c8   Section        0  usart.o(i.MX_USART3_UART_Init)
    i.MemManage_Handler                      0x08001600   Section        0  stm32f1xx_it.o(i.MemManage_Handler)
    i.NMI_Handler                            0x08001602   Section        0  stm32f1xx_it.o(i.NMI_Handler)
    i.OLED_Clear                             0x08001604   Section        0  oled.o(i.OLED_Clear)
    i.OLED_DrawPoint                         0x08001630   Section        0  oled.o(i.OLED_DrawPoint)
    i.OLED_Refresh_Gram                      0x08001660   Section        0  oled.o(i.OLED_Refresh_Gram)
    i.OLED_ShowChar                          0x08001694   Section        0  oled.o(i.OLED_ShowChar)
    i.OLED_ShowNumber                        0x08001724   Section        0  oled.o(i.OLED_ShowNumber)
    i.OLED_ShowString                        0x0800179c   Section        0  oled.o(i.OLED_ShowString)
    i.OLED_init                              0x080017dc   Section        0  oled.o(i.OLED_init)
    i.OLED_send_cmd                          0x080017f8   Section        0  oled.o(i.OLED_send_cmd)
    i.OLED_send_data                         0x08001814   Section        0  oled.o(i.OLED_send_data)
    i.Page_set                               0x08001830   Section        0  oled.o(i.Page_set)
    i.StartDefaultTask                       0x08001838   Section        0  freertos.o(i.StartDefaultTask)
    i.SysTick_Handler                        0x08001840   Section        0  stm32f1xx_it.o(i.SysTick_Handler)
    i.SystemClock_Config                     0x08001858   Section        0  main.o(i.SystemClock_Config)
    i.SystemInit                             0x080018b4   Section        0  system_stm32f1xx.o(i.SystemInit)
    i.UART_DMAAbortOnError                   0x080018b6   Section        0  stm32f1xx_hal_uart.o(i.UART_DMAAbortOnError)
    UART_DMAAbortOnError                     0x080018b7   Thumb Code    16  stm32f1xx_hal_uart.o(i.UART_DMAAbortOnError)
    i.UART_EndRxTransfer                     0x080018c6   Section        0  stm32f1xx_hal_uart.o(i.UART_EndRxTransfer)
    UART_EndRxTransfer                       0x080018c7   Thumb Code    48  stm32f1xx_hal_uart.o(i.UART_EndRxTransfer)
    i.UART_Receive_IT                        0x080018f6   Section        0  stm32f1xx_hal_uart.o(i.UART_Receive_IT)
    UART_Receive_IT                          0x080018f7   Thumb Code   182  stm32f1xx_hal_uart.o(i.UART_Receive_IT)
    i.UART_SetConfig                         0x080019ac   Section        0  stm32f1xx_hal_uart.o(i.UART_SetConfig)
    UART_SetConfig                           0x080019ad   Thumb Code   178  stm32f1xx_hal_uart.o(i.UART_SetConfig)
    i.UART_Start_Receive_IT                  0x08001a64   Section        0  stm32f1xx_hal_uart.o(i.UART_Start_Receive_IT)
    i.USART2_IRQHandler                      0x08001a9c   Section        0  stm32f1xx_it.o(i.USART2_IRQHandler)
    i.UsageFault_Handler                     0x08001aa8   Section        0  stm32f1xx_it.o(i.UsageFault_Handler)
    i.__NVIC_SetPriority                     0x08001aaa   Section        0  stm32f1xx_hal_cortex.o(i.__NVIC_SetPriority)
    __NVIC_SetPriority                       0x08001aab   Thumb Code    32  stm32f1xx_hal_cortex.o(i.__NVIC_SetPriority)
    i.delay_us                               0x08001aca   Section        0  delay.o(i.delay_us)
    i.fun_0                                  0x08001ada   Section        0  transaction.o(i.fun_0)
    i.fun_a1                                 0x08001adc   Section        0  transaction.o(i.fun_a1)
    i.fun_a21                                0x08001b1c   Section        0  transaction.o(i.fun_a21)
    i.fun_a22                                0x08001b1e   Section        0  transaction.o(i.fun_a22)
    i.fun_b1                                 0x08001b20   Section        0  transaction.o(i.fun_b1)
    i.fun_c1                                 0x08001b60   Section        0  transaction.o(i.fun_c1)
    i.main                                   0x08001ba0   Section        0  main.o(i.main)
    i.makeFreeRtosPriority                   0x08001c00   Section        0  cmsis_os.o(i.makeFreeRtosPriority)
    makeFreeRtosPriority                     0x08001c01   Thumb Code    12  cmsis_os.o(i.makeFreeRtosPriority)
    i.menu                                   0x08001c0c   Section        0  transaction.o(i.menu)
    i.oled_pow                               0x08001c3c   Section        0  oled.o(i.oled_pow)
    i.osDelay                                0x08001c4c   Section        0  cmsis_os.o(i.osDelay)
    i.osKernelStart                          0x08001c5a   Section        0  cmsis_os.o(i.osKernelStart)
    i.osThreadCreate                         0x08001c64   Section        0  cmsis_os.o(i.osThreadCreate)
    i.prvAddCurrentTaskToDelayedList         0x08001cb8   Section        0  tasks.o(i.prvAddCurrentTaskToDelayedList)
    prvAddCurrentTaskToDelayedList           0x08001cb9   Thumb Code   102  tasks.o(i.prvAddCurrentTaskToDelayedList)
    i.prvAddNewTaskToReadyList               0x08001d28   Section        0  tasks.o(i.prvAddNewTaskToReadyList)
    prvAddNewTaskToReadyList                 0x08001d29   Thumb Code   194  tasks.o(i.prvAddNewTaskToReadyList)
    i.prvDeleteTCB                           0x08001df8   Section        0  tasks.o(i.prvDeleteTCB)
    prvDeleteTCB                             0x08001df9   Thumb Code    52  tasks.o(i.prvDeleteTCB)
    i.prvHeapInit                            0x08001e2c   Section        0  heap_4.o(i.prvHeapInit)
    prvHeapInit                              0x08001e2d   Thumb Code    66  heap_4.o(i.prvHeapInit)
    i.prvIdleTask                            0x08001e78   Section        0  tasks.o(i.prvIdleTask)
    prvIdleTask                              0x08001e79   Thumb Code    86  tasks.o(i.prvIdleTask)
    i.prvInitialiseNewTask                   0x08001edc   Section        0  tasks.o(i.prvInitialiseNewTask)
    prvInitialiseNewTask                     0x08001edd   Thumb Code   142  tasks.o(i.prvInitialiseNewTask)
    i.prvInsertBlockIntoFreeList             0x08001f6c   Section        0  heap_4.o(i.prvInsertBlockIntoFreeList)
    prvInsertBlockIntoFreeList               0x08001f6d   Thumb Code    72  heap_4.o(i.prvInsertBlockIntoFreeList)
    i.prvResetNextTaskUnblockTime            0x08001fb8   Section        0  tasks.o(i.prvResetNextTaskUnblockTime)
    prvResetNextTaskUnblockTime              0x08001fb9   Thumb Code    26  tasks.o(i.prvResetNextTaskUnblockTime)
    i.prvTaskExitError                       0x08001fd8   Section        0  port.o(i.prvTaskExitError)
    prvTaskExitError                         0x08001fd9   Thumb Code    36  port.o(i.prvTaskExitError)
    i.pvPortMalloc                           0x08002000   Section        0  heap_4.o(i.pvPortMalloc)
    i.pxPortInitialiseStack                  0x080020d8   Section        0  port.o(i.pxPortInitialiseStack)
    i.uxListRemove                           0x080020fc   Section        0  list.o(i.uxListRemove)
    i.vApplicationGetIdleTaskMemory          0x08002124   Section        0  freertos.o(i.vApplicationGetIdleTaskMemory)
    i.vApplicationIdleHook                   0x08002138   Section        0  freertos.o(i.vApplicationIdleHook)
    i.vListInitialise                        0x0800213a   Section        0  list.o(i.vListInitialise)
    i.vListInitialiseItem                    0x08002150   Section        0  list.o(i.vListInitialiseItem)
    i.vListInsert                            0x08002156   Section        0  list.o(i.vListInsert)
    i.vListInsertEnd                         0x08002186   Section        0  list.o(i.vListInsertEnd)
    i.vPortEnterCritical                     0x080021a0   Section        0  port.o(i.vPortEnterCritical)
    i.vPortExitCritical                      0x080021e0   Section        0  port.o(i.vPortExitCritical)
    i.vPortFree                              0x08002208   Section        0  heap_4.o(i.vPortFree)
    i.vPortSetupTimerInterrupt               0x08002264   Section        0  port.o(i.vPortSetupTimerInterrupt)
    i.vTask1                                 0x08002288   Section        0  freertos.o(i.vTask1)
    i.vTaskDelay                             0x08002294   Section        0  tasks.o(i.vTaskDelay)
    i.vTaskStartScheduler                    0x080022e0   Section        0  tasks.o(i.vTaskStartScheduler)
    i.vTaskSuspendAll                        0x0800234c   Section        0  tasks.o(i.vTaskSuspendAll)
    i.vTaskSwitchContext                     0x0800235c   Section        0  tasks.o(i.vTaskSwitchContext)
    i.xPortStartScheduler                    0x080023b8   Section        0  port.o(i.xPortStartScheduler)
    i.xPortSysTickHandler                    0x08002460   Section        0  port.o(i.xPortSysTickHandler)
    i.xTaskCreate                            0x0800248c   Section        0  tasks.o(i.xTaskCreate)
    i.xTaskCreateStatic                      0x080024e6   Section        0  tasks.o(i.xTaskCreateStatic)
    i.xTaskGetSchedulerState                 0x0800253c   Section        0  tasks.o(i.xTaskGetSchedulerState)
    i.xTaskIncrementTick                     0x08002558   Section        0  tasks.o(i.xTaskIncrementTick)
    i.xTaskResumeAll                         0x08002620   Section        0  tasks.o(i.xTaskResumeAll)
    .constdata                               0x080026e4   Section       56  freertos.o(.constdata)
    .constdata                               0x0800271c   Section       16  system_stm32f1xx.o(.constdata)
    .constdata                               0x0800272c   Section        8  system_stm32f1xx.o(.constdata)
    .constdata                               0x08002734   Section     3261  oled.o(.constdata)
    .conststring                             0x080033f4   Section       28  freertos.o(.conststring)
    .data                                    0x20000000   Section        8  freertos.o(.data)
    .data                                    0x20000008   Section       12  usart.o(.data)
    .data                                    0x20000014   Section       12  stm32f1xx_hal.o(.data)
    .data                                    0x20000020   Section        4  system_stm32f1xx.o(.data)
    .data                                    0x20000024   Section       60  tasks.o(.data)
    pxDelayedTaskList                        0x20000028   Data           4  tasks.o(.data)
    pxOverflowDelayedTaskList                0x2000002c   Data           4  tasks.o(.data)
    uxDeletedTasksWaitingCleanUp             0x20000030   Data           4  tasks.o(.data)
    uxCurrentNumberOfTasks                   0x20000034   Data           4  tasks.o(.data)
    xTickCount                               0x20000038   Data           4  tasks.o(.data)
    uxTopReadyPriority                       0x2000003c   Data           4  tasks.o(.data)
    xSchedulerRunning                        0x20000040   Data           4  tasks.o(.data)
    uxPendedTicks                            0x20000044   Data           4  tasks.o(.data)
    xYieldPending                            0x20000048   Data           4  tasks.o(.data)
    xNumOfOverflows                          0x2000004c   Data           4  tasks.o(.data)
    uxTaskNumber                             0x20000050   Data           4  tasks.o(.data)
    xNextTaskUnblockTime                     0x20000054   Data           4  tasks.o(.data)
    xIdleTaskHandle                          0x20000058   Data           4  tasks.o(.data)
    uxSchedulerSuspended                     0x2000005c   Data           4  tasks.o(.data)
    .data                                    0x20000060   Section       24  heap_4.o(.data)
    pxEnd                                    0x20000060   Data           4  heap_4.o(.data)
    xFreeBytesRemaining                      0x20000064   Data           4  heap_4.o(.data)
    xMinimumEverFreeBytesRemaining           0x20000068   Data           4  heap_4.o(.data)
    xBlockAllocatedBit                       0x2000006c   Data           4  heap_4.o(.data)
    xStart                                   0x20000070   Data           8  heap_4.o(.data)
    .data                                    0x20000078   Section       12  port.o(.data)
    ucMaxSysCallPriority                     0x20000078   Data           1  port.o(.data)
    uxCriticalNesting                        0x2000007c   Data           4  port.o(.data)
    ulMaxPRIGROUPValue                       0x20000080   Data           4  port.o(.data)
    .data                                    0x20000084   Section      252  transaction.o(.data)
    .bss                                     0x20000180   Section      596  freertos.o(.bss)
    xIdleTaskTCBBuffer                       0x20000180   Data          84  freertos.o(.bss)
    xIdleStack                               0x200001d4   Data         512  freertos.o(.bss)
    .bss                                     0x200003d4   Section     1740  usart.o(.bss)
    .bss                                     0x20000aa0   Section      240  tasks.o(.bss)
    pxReadyTasksLists                        0x20000aa0   Data         140  tasks.o(.bss)
    xDelayedTaskList1                        0x20000b2c   Data          20  tasks.o(.bss)
    xDelayedTaskList2                        0x20000b40   Data          20  tasks.o(.bss)
    xPendingReadyList                        0x20000b54   Data          20  tasks.o(.bss)
    xTasksWaitingTermination                 0x20000b68   Data          20  tasks.o(.bss)
    xSuspendedTaskList                       0x20000b7c   Data          20  tasks.o(.bss)
    .bss                                     0x20000b90   Section     3072  heap_4.o(.bss)
    ucHeap                                   0x20000b90   Data        3072  heap_4.o(.bss)
    .bss                                     0x20001790   Section     8192  oled.o(.bss)
    .bss                                     0x20003790   Section      151  atgm336h.o(.bss)
    .bss                                     0x20003828   Section       96  libspace.o(.bss)
    HEAP                                     0x20003888   Section      512  startup_stm32f103xb.o(HEAP)
    Heap_Mem                                 0x20003888   Data         512  startup_stm32f103xb.o(HEAP)
    STACK                                    0x20003a88   Section     1024  startup_stm32f103xb.o(STACK)
    Stack_Mem                                0x20003a88   Data        1024  startup_stm32f103xb.o(STACK)
    __initial_sp                             0x20003e88   Data           0  startup_stm32f103xb.o(STACK)

    Global Symbols

    Symbol Name                              Value     Ov Type        Size  Object(Section)

    BuildAttributes$$THM_ISAv4$P$D$K$B$S$PE$A:L22UL41UL21$X:L11$S22US41US21$IEEE1$IW$USESV6$~STKCKD$USESV7$~SHL$OTIME$ROPI$IEEEJ$EBA8$UX$STANDARDLIB$REQ8$PRES8$EABIv2 0x00000000   Number         0  anon$$obj.o ABSOLUTE
    __ARM_use_no_argv                        0x00000000   Number         0  main.o ABSOLUTE
    _printf_flags                            0x00000000   Number         0  printf_stubs.o ABSOLUTE
    _printf_return_value                     0x00000000   Number         0  printf_stubs.o ABSOLUTE
    _printf_sizespec                         0x00000000   Number         0  printf_stubs.o ABSOLUTE
    _printf_widthprec                        0x00000000   Number         0  printf_stubs.o ABSOLUTE
    __ARM_exceptions_init                     - Undefined Weak Reference
    __alloca_initialize                       - Undefined Weak Reference
    __arm_preinit_                            - Undefined Weak Reference
    __cpp_initialize__aeabi_                  - Undefined Weak Reference
    __cxa_finalize                            - Undefined Weak Reference
    __sigvec_lookup                           - Undefined Weak Reference
    __user_heap_extent                        - Undefined Weak Reference
    _atexit_init                              - Undefined Weak Reference
    _call_atexit_fns                          - Undefined Weak Reference
    _clock_init                               - Undefined Weak Reference
    _fp_trap_init                             - Undefined Weak Reference
    _fp_trap_shutdown                         - Undefined Weak Reference
    _get_lc_collate                           - Undefined Weak Reference
    _get_lc_monetary                          - Undefined Weak Reference
    _get_lc_time                              - Undefined Weak Reference
    _getenv_init                              - Undefined Weak Reference
    _handle_redirection                       - Undefined Weak Reference
    _mutex_acquire                            - Undefined Weak Reference
    _mutex_free                               - Undefined Weak Reference
    _mutex_release                            - Undefined Weak Reference
    _printf_mbtowc                            - Undefined Weak Reference
    _printf_wc                                - Undefined Weak Reference
    _rand_init                                - Undefined Weak Reference
    _signal_finish                            - Undefined Weak Reference
    _signal_init                              - Undefined Weak Reference
    __Vectors_Size                           0x000000ec   Number         0  startup_stm32f103xb.o ABSOLUTE
    __Vectors                                0x08000000   Data           4  startup_stm32f103xb.o(RESET)
    __Vectors_End                            0x080000ec   Data           0  startup_stm32f103xb.o(RESET)
    __main                                   0x080000ed   Thumb Code     8  __main.o(!!!main)
    __scatterload                            0x080000f5   Thumb Code     0  __scatter.o(!!!scatter)
    __scatterload_rt2                        0x080000f5   Thumb Code    44  __scatter.o(!!!scatter)
    __scatterload_rt2_thumb_only             0x080000f5   Thumb Code     0  __scatter.o(!!!scatter)
    __scatterload_null                       0x08000103   Thumb Code     0  __scatter.o(!!!scatter)
    __decompress                             0x08000129   Thumb Code    90  __dczerorl2.o(!!dczerorl2)
    __decompress1                            0x08000129   Thumb Code     0  __dczerorl2.o(!!dczerorl2)
    __scatterload_zeroinit                   0x08000185   Thumb Code    28  __scatter_zi.o(!!handler_zi)
    __rt_lib_init                            0x080001a1   Thumb Code     0  libinit.o(.ARM.Collect$$libinit$$00000000)
    __rt_lib_init_alloca_1                   0x080001a3   Thumb Code     0  libinit2.o(.ARM.Collect$$libinit$$0000002E)
    __rt_lib_init_argv_1                     0x080001a3   Thumb Code     0  libinit2.o(.ARM.Collect$$libinit$$0000002C)
    __rt_lib_init_atexit_1                   0x080001a3   Thumb Code     0  libinit2.o(.ARM.Collect$$libinit$$0000001B)
    __rt_lib_init_clock_1                    0x080001a3   Thumb Code     0  libinit2.o(.ARM.Collect$$libinit$$00000021)
    __rt_lib_init_cpp_1                      0x080001a3   Thumb Code     0  libinit2.o(.ARM.Collect$$libinit$$00000032)
    __rt_lib_init_exceptions_1               0x080001a3   Thumb Code     0  libinit2.o(.ARM.Collect$$libinit$$00000030)
    __rt_lib_init_fp_1                       0x080001a3   Thumb Code     0  libinit2.o(.ARM.Collect$$libinit$$00000002)
    __rt_lib_init_fp_trap_1                  0x080001a3   Thumb Code     0  libinit2.o(.ARM.Collect$$libinit$$0000001F)
    __rt_lib_init_getenv_1                   0x080001a3   Thumb Code     0  libinit2.o(.ARM.Collect$$libinit$$00000023)
    __rt_lib_init_heap_1                     0x080001a3   Thumb Code     0  libinit2.o(.ARM.Collect$$libinit$$0000000A)
    __rt_lib_init_lc_collate_1               0x080001a3   Thumb Code     0  libinit2.o(.ARM.Collect$$libinit$$00000011)
    __rt_lib_init_lc_ctype_1                 0x080001a3   Thumb Code     0  libinit2.o(.ARM.Collect$$libinit$$00000013)
    __rt_lib_init_lc_monetary_1              0x080001a3   Thumb Code     0  libinit2.o(.ARM.Collect$$libinit$$00000015)
    __rt_lib_init_lc_numeric_1               0x080001a3   Thumb Code     0  libinit2.o(.ARM.Collect$$libinit$$00000017)
    __rt_lib_init_lc_time_1                  0x080001a3   Thumb Code     0  libinit2.o(.ARM.Collect$$libinit$$00000019)
    __rt_lib_init_preinit_1                  0x080001a3   Thumb Code     0  libinit2.o(.ARM.Collect$$libinit$$00000004)
    __rt_lib_init_rand_1                     0x080001a3   Thumb Code     0  libinit2.o(.ARM.Collect$$libinit$$0000000E)
    __rt_lib_init_return                     0x080001a3   Thumb Code     0  libinit2.o(.ARM.Collect$$libinit$$00000033)
    __rt_lib_init_signal_1                   0x080001a3   Thumb Code     0  libinit2.o(.ARM.Collect$$libinit$$0000001D)
    __rt_lib_init_stdio_1                    0x080001a3   Thumb Code     0  libinit2.o(.ARM.Collect$$libinit$$00000025)
    __rt_lib_init_user_alloc_1               0x080001a3   Thumb Code     0  libinit2.o(.ARM.Collect$$libinit$$0000000C)
    __rt_lib_shutdown                        0x080001a5   Thumb Code     0  libshutdown.o(.ARM.Collect$$libshutdown$$00000000)
    __rt_lib_shutdown_cpp_1                  0x080001a7   Thumb Code     0  libshutdown2.o(.ARM.Collect$$libshutdown$$00000002)
    __rt_lib_shutdown_fp_trap_1              0x080001a7   Thumb Code     0  libshutdown2.o(.ARM.Collect$$libshutdown$$00000007)
    __rt_lib_shutdown_heap_1                 0x080001a7   Thumb Code     0  libshutdown2.o(.ARM.Collect$$libshutdown$$0000000F)
    __rt_lib_shutdown_return                 0x080001a7   Thumb Code     0  libshutdown2.o(.ARM.Collect$$libshutdown$$00000010)
    __rt_lib_shutdown_signal_1               0x080001a7   Thumb Code     0  libshutdown2.o(.ARM.Collect$$libshutdown$$0000000A)
    __rt_lib_shutdown_stdio_1                0x080001a7   Thumb Code     0  libshutdown2.o(.ARM.Collect$$libshutdown$$00000004)
    __rt_lib_shutdown_user_alloc_1           0x080001a7   Thumb Code     0  libshutdown2.o(.ARM.Collect$$libshutdown$$0000000C)
    __rt_entry                               0x080001a9   Thumb Code     0  __rtentry.o(.ARM.Collect$$rtentry$$00000000)
    __rt_entry_presh_1                       0x080001a9   Thumb Code     0  __rtentry2.o(.ARM.Collect$$rtentry$$00000002)
    __rt_entry_sh                            0x080001a9   Thumb Code     0  __rtentry4.o(.ARM.Collect$$rtentry$$00000004)
    __rt_entry_li                            0x080001af   Thumb Code     0  __rtentry2.o(.ARM.Collect$$rtentry$$0000000A)
    __rt_entry_postsh_1                      0x080001af   Thumb Code     0  __rtentry2.o(.ARM.Collect$$rtentry$$00000009)
    __rt_entry_main                          0x080001b3   Thumb Code     0  __rtentry2.o(.ARM.Collect$$rtentry$$0000000D)
    __rt_entry_postli_1                      0x080001b3   Thumb Code     0  __rtentry2.o(.ARM.Collect$$rtentry$$0000000C)
    __rt_exit                                0x080001bb   Thumb Code     0  rtexit.o(.ARM.Collect$$rtexit$$00000000)
    __rt_exit_ls                             0x080001bd   Thumb Code     0  rtexit2.o(.ARM.Collect$$rtexit$$00000003)
    __rt_exit_prels_1                        0x080001bd   Thumb Code     0  rtexit2.o(.ARM.Collect$$rtexit$$00000002)
    __rt_exit_exit                           0x080001c1   Thumb Code     0  rtexit2.o(.ARM.Collect$$rtexit$$00000004)
    SVC_Handler                              0x080001c9   Thumb Code    32  port.o(.emb_text)
    __asm___6_port_c_39a90d8d__prvStartFirstTask 0x080001ed   Thumb Code    28  port.o(.emb_text)
    PendSV_Handler                           0x0800020d   Thumb Code    72  port.o(.emb_text)
    vPortGetIPSR                             0x08000259   Thumb Code     6  port.o(.emb_text)
    Reset_Handler                            0x08000261   Thumb Code     8  startup_stm32f103xb.o(.text)
    ADC1_2_IRQHandler                        0x0800027b   Thumb Code     0  startup_stm32f103xb.o(.text)
    CAN1_RX1_IRQHandler                      0x0800027b   Thumb Code     0  startup_stm32f103xb.o(.text)
    CAN1_SCE_IRQHandler                      0x0800027b   Thumb Code     0  startup_stm32f103xb.o(.text)
    DMA1_Channel1_IRQHandler                 0x0800027b   Thumb Code     0  startup_stm32f103xb.o(.text)
    DMA1_Channel2_IRQHandler                 0x0800027b   Thumb Code     0  startup_stm32f103xb.o(.text)
    DMA1_Channel3_IRQHandler                 0x0800027b   Thumb Code     0  startup_stm32f103xb.o(.text)
    DMA1_Channel4_IRQHandler                 0x0800027b   Thumb Code     0  startup_stm32f103xb.o(.text)
    DMA1_Channel5_IRQHandler                 0x0800027b   Thumb Code     0  startup_stm32f103xb.o(.text)
    DMA1_Channel6_IRQHandler                 0x0800027b   Thumb Code     0  startup_stm32f103xb.o(.text)
    DMA1_Channel7_IRQHandler                 0x0800027b   Thumb Code     0  startup_stm32f103xb.o(.text)
    EXTI0_IRQHandler                         0x0800027b   Thumb Code     0  startup_stm32f103xb.o(.text)
    EXTI15_10_IRQHandler                     0x0800027b   Thumb Code     0  startup_stm32f103xb.o(.text)
    EXTI1_IRQHandler                         0x0800027b   Thumb Code     0  startup_stm32f103xb.o(.text)
    EXTI2_IRQHandler                         0x0800027b   Thumb Code     0  startup_stm32f103xb.o(.text)
    EXTI3_IRQHandler                         0x0800027b   Thumb Code     0  startup_stm32f103xb.o(.text)
    EXTI4_IRQHandler                         0x0800027b   Thumb Code     0  startup_stm32f103xb.o(.text)
    FLASH_IRQHandler                         0x0800027b   Thumb Code     0  startup_stm32f103xb.o(.text)
    I2C1_ER_IRQHandler                       0x0800027b   Thumb Code     0  startup_stm32f103xb.o(.text)
    I2C1_EV_IRQHandler                       0x0800027b   Thumb Code     0  startup_stm32f103xb.o(.text)
    I2C2_ER_IRQHandler                       0x0800027b   Thumb Code     0  startup_stm32f103xb.o(.text)
    I2C2_EV_IRQHandler                       0x0800027b   Thumb Code     0  startup_stm32f103xb.o(.text)
    PVD_IRQHandler                           0x0800027b   Thumb Code     0  startup_stm32f103xb.o(.text)
    RCC_IRQHandler                           0x0800027b   Thumb Code     0  startup_stm32f103xb.o(.text)
    RTC_Alarm_IRQHandler                     0x0800027b   Thumb Code     0  startup_stm32f103xb.o(.text)
    RTC_IRQHandler                           0x0800027b   Thumb Code     0  startup_stm32f103xb.o(.text)
    SPI1_IRQHandler                          0x0800027b   Thumb Code     0  startup_stm32f103xb.o(.text)
    SPI2_IRQHandler                          0x0800027b   Thumb Code     0  startup_stm32f103xb.o(.text)
    TAMPER_IRQHandler                        0x0800027b   Thumb Code     0  startup_stm32f103xb.o(.text)
    TIM1_BRK_IRQHandler                      0x0800027b   Thumb Code     0  startup_stm32f103xb.o(.text)
    TIM1_CC_IRQHandler                       0x0800027b   Thumb Code     0  startup_stm32f103xb.o(.text)
    TIM1_TRG_COM_IRQHandler                  0x0800027b   Thumb Code     0  startup_stm32f103xb.o(.text)
    TIM1_UP_IRQHandler                       0x0800027b   Thumb Code     0  startup_stm32f103xb.o(.text)
    TIM2_IRQHandler                          0x0800027b   Thumb Code     0  startup_stm32f103xb.o(.text)
    TIM3_IRQHandler                          0x0800027b   Thumb Code     0  startup_stm32f103xb.o(.text)
    TIM4_IRQHandler                          0x0800027b   Thumb Code     0  startup_stm32f103xb.o(.text)
    USART1_IRQHandler                        0x0800027b   Thumb Code     0  startup_stm32f103xb.o(.text)
    USART3_IRQHandler                        0x0800027b   Thumb Code     0  startup_stm32f103xb.o(.text)
    USBWakeUp_IRQHandler                     0x0800027b   Thumb Code     0  startup_stm32f103xb.o(.text)
    USB_HP_CAN1_TX_IRQHandler                0x0800027b   Thumb Code     0  startup_stm32f103xb.o(.text)
    USB_LP_CAN1_RX0_IRQHandler               0x0800027b   Thumb Code     0  startup_stm32f103xb.o(.text)
    WWDG_IRQHandler                          0x0800027b   Thumb Code     0  startup_stm32f103xb.o(.text)
    __user_initial_stackheap                 0x0800027d   Thumb Code     0  startup_stm32f103xb.o(.text)
    __aeabi_memcpy                           0x080002a1   Thumb Code     0  rt_memcpy_v6.o(.text)
    __rt_memcpy                              0x080002a1   Thumb Code   138  rt_memcpy_v6.o(.text)
    _memcpy_lastbytes                        0x08000307   Thumb Code     0  rt_memcpy_v6.o(.text)
    __aeabi_memcpy4                          0x0800032b   Thumb Code     0  rt_memcpy_w.o(.text)
    __aeabi_memcpy8                          0x0800032b   Thumb Code     0  rt_memcpy_w.o(.text)
    __rt_memcpy_w                            0x0800032b   Thumb Code   100  rt_memcpy_w.o(.text)
    _memcpy_lastbytes_aligned                0x08000373   Thumb Code     0  rt_memcpy_w.o(.text)
    __aeabi_memclr                           0x0800038f   Thumb Code     0  rt_memclr.o(.text)
    __rt_memclr                              0x0800038f   Thumb Code    68  rt_memclr.o(.text)
    _memset                                  0x08000393   Thumb Code     0  rt_memclr.o(.text)
    __aeabi_memclr4                          0x080003d3   Thumb Code     0  rt_memclr_w.o(.text)
    __aeabi_memclr8                          0x080003d3   Thumb Code     0  rt_memclr_w.o(.text)
    __rt_memclr_w                            0x080003d3   Thumb Code    78  rt_memclr_w.o(.text)
    _memset_w                                0x080003d7   Thumb Code     0  rt_memclr_w.o(.text)
    __use_two_region_memory                  0x08000421   Thumb Code     2  heapauxi.o(.text)
    __rt_heap_escrow                         0x08000423   Thumb Code     2  heapauxi.o(.text)
    __rt_heap_expand                         0x08000425   Thumb Code     2  heapauxi.o(.text)
    __user_libspace                          0x08000429   Thumb Code     8  libspace.o(.text)
    __user_perproc_libspace                  0x08000429   Thumb Code     0  libspace.o(.text)
    __user_perthread_libspace                0x08000429   Thumb Code     0  libspace.o(.text)
    __user_setup_stackheap                   0x08000431   Thumb Code    74  sys_stackheap_outer.o(.text)
    exit                                     0x0800047b   Thumb Code    18  exit.o(.text)
    __I$use$semihosting                      0x0800048d   Thumb Code     0  use_no_semi.o(.text)
    __use_no_semihosting_swi                 0x0800048d   Thumb Code     2  use_no_semi.o(.text)
    __semihosting_library_function           0x0800048f   Thumb Code     0  indicate_semi.o(.text)
    _sys_exit                                0x08000491   Thumb Code     8  sys_exit.o(.text)
    BusFault_Handler                         0x0800049d   Thumb Code     2  stm32f1xx_it.o(i.BusFault_Handler)
    Column_set                               0x0800049f   Thumb Code    28  oled.o(i.Column_set)
    DebugMon_Handler                         0x080004bb   Thumb Code     2  stm32f1xx_it.o(i.DebugMon_Handler)
    EXTI9_5_IRQHandler                       0x080004bd   Thumb Code     6  stm32f1xx_it.o(i.EXTI9_5_IRQHandler)
    Error_Handler                            0x080004c3   Thumb Code     4  main.o(i.Error_Handler)
    HAL_DMA_Abort                            0x080004c7   Thumb Code    70  stm32f1xx_hal_dma.o(i.HAL_DMA_Abort)
    HAL_DMA_Abort_IT                         0x0800050d   Thumb Code   148  stm32f1xx_hal_dma.o(i.HAL_DMA_Abort_IT)
    HAL_GPIO_EXTI_Callback                   0x080005a5   Thumb Code    52  gpio.o(i.HAL_GPIO_EXTI_Callback)
    HAL_GPIO_EXTI_IRQHandler                 0x080005e5   Thumb Code    18  stm32f1xx_hal_gpio.o(i.HAL_GPIO_EXTI_IRQHandler)
    HAL_GPIO_Init                            0x080005fd   Thumb Code   446  stm32f1xx_hal_gpio.o(i.HAL_GPIO_Init)
    HAL_GPIO_ReadPin                         0x080007dd   Thumb Code    10  stm32f1xx_hal_gpio.o(i.HAL_GPIO_ReadPin)
    HAL_GPIO_WritePin                        0x080007e7   Thumb Code    10  stm32f1xx_hal_gpio.o(i.HAL_GPIO_WritePin)
    HAL_GetTick                              0x080007f1   Thumb Code     6  stm32f1xx_hal.o(i.HAL_GetTick)
    HAL_IncTick                              0x080007fd   Thumb Code    12  stm32f1xx_hal.o(i.HAL_IncTick)
    HAL_Init                                 0x0800080d   Thumb Code    32  stm32f1xx_hal.o(i.HAL_Init)
    HAL_InitTick                             0x08000831   Thumb Code    54  stm32f1xx_hal.o(i.HAL_InitTick)
    HAL_MspInit                              0x08000871   Thumb Code    62  stm32f1xx_hal_msp.o(i.HAL_MspInit)
    HAL_NVIC_EnableIRQ                       0x080008b9   Thumb Code    26  stm32f1xx_hal_cortex.o(i.HAL_NVIC_EnableIRQ)
    HAL_NVIC_SetPriority                     0x080008d5   Thumb Code    60  stm32f1xx_hal_cortex.o(i.HAL_NVIC_SetPriority)
    HAL_NVIC_SetPriorityGrouping             0x08000915   Thumb Code    26  stm32f1xx_hal_cortex.o(i.HAL_NVIC_SetPriorityGrouping)
    HAL_RCC_ClockConfig                      0x08000939   Thumb Code   280  stm32f1xx_hal_rcc.o(i.HAL_RCC_ClockConfig)
    HAL_RCC_GetPCLK1Freq                     0x08000a65   Thumb Code    20  stm32f1xx_hal_rcc.o(i.HAL_RCC_GetPCLK1Freq)
    HAL_RCC_GetPCLK2Freq                     0x08000a85   Thumb Code    20  stm32f1xx_hal_rcc.o(i.HAL_RCC_GetPCLK2Freq)
    HAL_RCC_GetSysClockFreq                  0x08000aa5   Thumb Code    74  stm32f1xx_hal_rcc.o(i.HAL_RCC_GetSysClockFreq)
    HAL_RCC_OscConfig                        0x08000b11   Thumb Code   778  stm32f1xx_hal_rcc.o(i.HAL_RCC_OscConfig)
    HAL_SYSTICK_Config                       0x08000e31   Thumb Code    40  stm32f1xx_hal_cortex.o(i.HAL_SYSTICK_Config)
    HAL_UARTEx_RxEventCallback               0x08000e59   Thumb Code     2  stm32f1xx_hal_uart.o(i.HAL_UARTEx_RxEventCallback)
    HAL_UART_ErrorCallback                   0x08000e5b   Thumb Code     2  stm32f1xx_hal_uart.o(i.HAL_UART_ErrorCallback)
    HAL_UART_IRQHandler                      0x08000e5d   Thumb Code   520  stm32f1xx_hal_uart.o(i.HAL_UART_IRQHandler)
    HAL_UART_Init                            0x08001069   Thumb Code    98  stm32f1xx_hal_uart.o(i.HAL_UART_Init)
    HAL_UART_MspInit                         0x080010cd   Thumb Code   248  usart.o(i.HAL_UART_MspInit)
    HAL_UART_Receive_IT                      0x080011dd   Thumb Code    42  stm32f1xx_hal_uart.o(i.HAL_UART_Receive_IT)
    HAL_UART_RxCpltCallback                  0x08001209   Thumb Code   246  usart.o(i.HAL_UART_RxCpltCallback)
    HAL_UART_TxCpltCallback                  0x08001319   Thumb Code     2  stm32f1xx_hal_uart.o(i.HAL_UART_TxCpltCallback)
    HardFault_Handler                        0x0800131b   Thumb Code     2  stm32f1xx_it.o(i.HardFault_Handler)
    IIC_start                                0x0800131d   Thumb Code    76  oled.o(i.IIC_start)
    IIC_stop                                 0x0800136d   Thumb Code    54  oled.o(i.IIC_stop)
    IIC_write                                0x080013a9   Thumb Code   148  oled.o(i.IIC_write)
    LSQ_StartTask02                          0x08001441   Thumb Code    12  freertos.o(i.LSQ_StartTask02)
    MX_FREERTOS_Init                         0x0800144d   Thumb Code    52  freertos.o(i.MX_FREERTOS_Init)
    MX_GPIO_Init                             0x08001489   Thumb Code   162  gpio.o(i.MX_GPIO_Init)
    MX_USART1_UART_Init                      0x0800153d   Thumb Code    48  usart.o(i.MX_USART1_UART_Init)
    MX_USART2_UART_Init                      0x08001575   Thumb Code    70  usart.o(i.MX_USART2_UART_Init)
    MX_USART3_UART_Init                      0x080015c9   Thumb Code    48  usart.o(i.MX_USART3_UART_Init)
    MemManage_Handler                        0x08001601   Thumb Code     2  stm32f1xx_it.o(i.MemManage_Handler)
    NMI_Handler                              0x08001603   Thumb Code     2  stm32f1xx_it.o(i.NMI_Handler)
    OLED_Clear                               0x08001605   Thumb Code    40  oled.o(i.OLED_Clear)
    OLED_DrawPoint                           0x08001631   Thumb Code    44  oled.o(i.OLED_DrawPoint)
    OLED_Refresh_Gram                        0x08001661   Thumb Code    48  oled.o(i.OLED_Refresh_Gram)
    OLED_ShowChar                            0x08001695   Thumb Code   134  oled.o(i.OLED_ShowChar)
    OLED_ShowNumber                          0x08001725   Thumb Code   120  oled.o(i.OLED_ShowNumber)
    OLED_ShowString                          0x0800179d   Thumb Code    62  oled.o(i.OLED_ShowString)
    OLED_init                                0x080017dd   Thumb Code    22  oled.o(i.OLED_init)
    OLED_send_cmd                            0x080017f9   Thumb Code    28  oled.o(i.OLED_send_cmd)
    OLED_send_data                           0x08001815   Thumb Code    28  oled.o(i.OLED_send_data)
    Page_set                                 0x08001831   Thumb Code     8  oled.o(i.Page_set)
    StartDefaultTask                         0x08001839   Thumb Code     8  freertos.o(i.StartDefaultTask)
    SysTick_Handler                          0x08001841   Thumb Code    24  stm32f1xx_it.o(i.SysTick_Handler)
    SystemClock_Config                       0x08001859   Thumb Code    92  main.o(i.SystemClock_Config)
    SystemInit                               0x080018b5   Thumb Code     2  system_stm32f1xx.o(i.SystemInit)
    UART_Start_Receive_IT                    0x08001a65   Thumb Code    54  stm32f1xx_hal_uart.o(i.UART_Start_Receive_IT)
    USART2_IRQHandler                        0x08001a9d   Thumb Code     6  stm32f1xx_it.o(i.USART2_IRQHandler)
    UsageFault_Handler                       0x08001aa9   Thumb Code     2  stm32f1xx_it.o(i.UsageFault_Handler)
    delay_us                                 0x08001acb   Thumb Code    16  delay.o(i.delay_us)
    fun_0                                    0x08001adb   Thumb Code     2  transaction.o(i.fun_0)
    fun_a1                                   0x08001add   Thumb Code    58  transaction.o(i.fun_a1)
    fun_a21                                  0x08001b1d   Thumb Code     2  transaction.o(i.fun_a21)
    fun_a22                                  0x08001b1f   Thumb Code     2  transaction.o(i.fun_a22)
    fun_b1                                   0x08001b21   Thumb Code    58  transaction.o(i.fun_b1)
    fun_c1                                   0x08001b61   Thumb Code    58  transaction.o(i.fun_c1)
    main                                     0x08001ba1   Thumb Code    80  main.o(i.main)
    menu                                     0x08001c0d   Thumb Code    44  transaction.o(i.menu)
    oled_pow                                 0x08001c3d   Thumb Code    16  oled.o(i.oled_pow)
    osDelay                                  0x08001c4d   Thumb Code    14  cmsis_os.o(i.osDelay)
    osKernelStart                            0x08001c5b   Thumb Code    10  cmsis_os.o(i.osKernelStart)
    osThreadCreate                           0x08001c65   Thumb Code    84  cmsis_os.o(i.osThreadCreate)
    pvPortMalloc                             0x08002001   Thumb Code   210  heap_4.o(i.pvPortMalloc)
    pxPortInitialiseStack                    0x080020d9   Thumb Code    32  port.o(i.pxPortInitialiseStack)
    uxListRemove                             0x080020fd   Thumb Code    38  list.o(i.uxListRemove)
    vApplicationGetIdleTaskMemory            0x08002125   Thumb Code    16  freertos.o(i.vApplicationGetIdleTaskMemory)
    vApplicationIdleHook                     0x08002139   Thumb Code     2  freertos.o(i.vApplicationIdleHook)
    vListInitialise                          0x0800213b   Thumb Code    22  list.o(i.vListInitialise)
    vListInitialiseItem                      0x08002151   Thumb Code     6  list.o(i.vListInitialiseItem)
    vListInsert                              0x08002157   Thumb Code    48  list.o(i.vListInsert)
    vListInsertEnd                           0x08002187   Thumb Code    24  list.o(i.vListInsertEnd)
    vPortEnterCritical                       0x080021a1   Thumb Code    54  port.o(i.vPortEnterCritical)
    vPortExitCritical                        0x080021e1   Thumb Code    34  port.o(i.vPortExitCritical)
    vPortFree                                0x08002209   Thumb Code    88  heap_4.o(i.vPortFree)
    vPortSetupTimerInterrupt                 0x08002265   Thumb Code    32  port.o(i.vPortSetupTimerInterrupt)
    vTask1                                   0x08002289   Thumb Code    12  freertos.o(i.vTask1)
    vTaskDelay                               0x08002295   Thumb Code    66  tasks.o(i.vTaskDelay)
    vTaskStartScheduler                      0x080022e1   Thumb Code    90  tasks.o(i.vTaskStartScheduler)
    vTaskSuspendAll                          0x0800234d   Thumb Code    10  tasks.o(i.vTaskSuspendAll)
    vTaskSwitchContext                       0x0800235d   Thumb Code    82  tasks.o(i.vTaskSwitchContext)
    xPortStartScheduler                      0x080023b9   Thumb Code   154  port.o(i.xPortStartScheduler)
    xPortSysTickHandler                      0x08002461   Thumb Code    38  port.o(i.xPortSysTickHandler)
    xTaskCreate                              0x0800248d   Thumb Code    90  tasks.o(i.xTaskCreate)
    xTaskCreateStatic                        0x080024e7   Thumb Code    86  tasks.o(i.xTaskCreateStatic)
    xTaskGetSchedulerState                   0x0800253d   Thumb Code    22  tasks.o(i.xTaskGetSchedulerState)
    xTaskIncrementTick                       0x08002559   Thumb Code   192  tasks.o(i.xTaskIncrementTick)
    xTaskResumeAll                           0x08002621   Thumb Code   182  tasks.o(i.xTaskResumeAll)
    AHBPrescTable                            0x0800271c   Data          16  system_stm32f1xx.o(.constdata)
    APBPrescTable                            0x0800272c   Data           8  system_stm32f1xx.o(.constdata)
    oled_asc2_1206                           0x08002734   Data        1140  oled.o(.constdata)
    oled_asc2_1608                           0x08002ba8   Data        1520  oled.o(.constdata)
    chinese2x16                              0x08003198   Data         576  oled.o(.constdata)
    OLED_init_cmd                            0x080033d8   Data          25  oled.o(.constdata)
    Region$$Table$$Base                      0x08003410   Number         0  anon$$obj.o(Region$$Table)
    Region$$Table$$Limit                     0x08003430   Number         0  anon$$obj.o(Region$$Table)
    defaultTaskHandle                        0x20000000   Data           4  freertos.o(.data)
    LSQ_myTask02Handle                       0x20000004   Data           4  freertos.o(.data)
    pData1                                   0x20000008   Data           4  usart.o(.data)
    pData2                                   0x2000000c   Data           4  usart.o(.data)
    pData3                                   0x20000010   Data           4  usart.o(.data)
    uwTickFreq                               0x20000014   Data           1  stm32f1xx_hal.o(.data)
    uwTickPrio                               0x20000018   Data           4  stm32f1xx_hal.o(.data)
    uwTick                                   0x2000001c   Data           4  stm32f1xx_hal.o(.data)
    SystemCoreClock                          0x20000020   Data           4  system_stm32f1xx.o(.data)
    pxCurrentTCB                             0x20000024   Data           4  tasks.o(.data)
    last_index                               0x20000084   Data           2  transaction.o(.data)
    func_index                               0x20000086   Data           2  transaction.o(.data)
    i                                        0x20000088   Data           4  transaction.o(.data)
    current_operation_index                  0x2000008c   Data           4  transaction.o(.data)
    table                                    0x20000090   Data         240  transaction.o(.data)
    usart1                                   0x200003d4   Data         512  usart.o(.bss)
    usart2                                   0x200005d4   Data         512  usart.o(.bss)
    usart3                                   0x200007d4   Data         512  usart.o(.bss)
    huart1                                   0x200009d4   Data          68  usart.o(.bss)
    huart2                                   0x20000a18   Data          68  usart.o(.bss)
    huart3                                   0x20000a5c   Data          68  usart.o(.bss)
    OLED_GRAM                                0x20001790   Data        8192  oled.o(.bss)
    _GPS_Data_Time                           0x20003790   Data          24  atgm336h.o(.bss)
    Save_Data                                0x200037a8   Data         127  atgm336h.o(.bss)
    __libspace_start                         0x20003828   Data          96  libspace.o(.bss)
    __temporary_stack_top$libspace           0x20003888   Data           0  libspace.o(.bss)



==============================================================================

Memory Map of the image

  Image Entry point : 0x080000ed

  Load Region LR_IROM1 (Base: 0x08000000, Size: 0x000035b0, Max: 0x00010000, ABSOLUTE, COMPRESSED[0x0000346c])

    Execution Region ER_IROM1 (Base: 0x08000000, Size: 0x00003430, Max: 0x00010000, ABSOLUTE)

    Base Addr    Size         Type   Attr      Idx    E Section Name        Object

    0x08000000   0x000000ec   Data   RO            3    RESET               startup_stm32f103xb.o
    0x080000ec   0x00000008   Code   RO         3738  * !!!main             c_w.l(__main.o)
    0x080000f4   0x00000034   Code   RO         4218    !!!scatter          c_w.l(__scatter.o)
    0x08000128   0x0000005a   Code   RO         4216    !!dczerorl2         c_w.l(__dczerorl2.o)
    0x08000182   0x00000002   PAD
    0x08000184   0x0000001c   Code   RO         4220    !!handler_zi        c_w.l(__scatter_zi.o)
    0x080001a0   0x00000002   Code   RO         4028    .ARM.Collect$$libinit$$00000000  c_w.l(libinit.o)
    0x080001a2   0x00000000   Code   RO         4030    .ARM.Collect$$libinit$$00000002  c_w.l(libinit2.o)
    0x080001a2   0x00000000   Code   RO         4032    .ARM.Collect$$libinit$$00000004  c_w.l(libinit2.o)
    0x080001a2   0x00000000   Code   RO         4035    .ARM.Collect$$libinit$$0000000A  c_w.l(libinit2.o)
    0x080001a2   0x00000000   Code   RO         4037    .ARM.Collect$$libinit$$0000000C  c_w.l(libinit2.o)
    0x080001a2   0x00000000   Code   RO         4039    .ARM.Collect$$libinit$$0000000E  c_w.l(libinit2.o)
    0x080001a2   0x00000000   Code   RO         4042    .ARM.Collect$$libinit$$00000011  c_w.l(libinit2.o)
    0x080001a2   0x00000000   Code   RO         4044    .ARM.Collect$$libinit$$00000013  c_w.l(libinit2.o)
    0x080001a2   0x00000000   Code   RO         4046    .ARM.Collect$$libinit$$00000015  c_w.l(libinit2.o)
    0x080001a2   0x00000000   Code   RO         4048    .ARM.Collect$$libinit$$00000017  c_w.l(libinit2.o)
    0x080001a2   0x00000000   Code   RO         4050    .ARM.Collect$$libinit$$00000019  c_w.l(libinit2.o)
    0x080001a2   0x00000000   Code   RO         4052    .ARM.Collect$$libinit$$0000001B  c_w.l(libinit2.o)
    0x080001a2   0x00000000   Code   RO         4054    .ARM.Collect$$libinit$$0000001D  c_w.l(libinit2.o)
    0x080001a2   0x00000000   Code   RO         4056    .ARM.Collect$$libinit$$0000001F  c_w.l(libinit2.o)
    0x080001a2   0x00000000   Code   RO         4058    .ARM.Collect$$libinit$$00000021  c_w.l(libinit2.o)
    0x080001a2   0x00000000   Code   RO         4060    .ARM.Collect$$libinit$$00000023  c_w.l(libinit2.o)
    0x080001a2   0x00000000   Code   RO         4062    .ARM.Collect$$libinit$$00000025  c_w.l(libinit2.o)
    0x080001a2   0x00000000   Code   RO         4066    .ARM.Collect$$libinit$$0000002C  c_w.l(libinit2.o)
    0x080001a2   0x00000000   Code   RO         4068    .ARM.Collect$$libinit$$0000002E  c_w.l(libinit2.o)
    0x080001a2   0x00000000   Code   RO         4070    .ARM.Collect$$libinit$$00000030  c_w.l(libinit2.o)
    0x080001a2   0x00000000   Code   RO         4072    .ARM.Collect$$libinit$$00000032  c_w.l(libinit2.o)
    0x080001a2   0x00000002   Code   RO         4073    .ARM.Collect$$libinit$$00000033  c_w.l(libinit2.o)
    0x080001a4   0x00000002   Code   RO         4195    .ARM.Collect$$libshutdown$$00000000  c_w.l(libshutdown.o)
    0x080001a6   0x00000000   Code   RO         4075    .ARM.Collect$$libshutdown$$00000002  c_w.l(libshutdown2.o)
    0x080001a6   0x00000000   Code   RO         4077    .ARM.Collect$$libshutdown$$00000004  c_w.l(libshutdown2.o)
    0x080001a6   0x00000000   Code   RO         4080    .ARM.Collect$$libshutdown$$00000007  c_w.l(libshutdown2.o)
    0x080001a6   0x00000000   Code   RO         4083    .ARM.Collect$$libshutdown$$0000000A  c_w.l(libshutdown2.o)
    0x080001a6   0x00000000   Code   RO         4085    .ARM.Collect$$libshutdown$$0000000C  c_w.l(libshutdown2.o)
    0x080001a6   0x00000000   Code   RO         4088    .ARM.Collect$$libshutdown$$0000000F  c_w.l(libshutdown2.o)
    0x080001a6   0x00000002   Code   RO         4089    .ARM.Collect$$libshutdown$$00000010  c_w.l(libshutdown2.o)
    0x080001a8   0x00000000   Code   RO         3740    .ARM.Collect$$rtentry$$00000000  c_w.l(__rtentry.o)
    0x080001a8   0x00000000   Code   RO         3855    .ARM.Collect$$rtentry$$00000002  c_w.l(__rtentry2.o)
    0x080001a8   0x00000006   Code   RO         3867    .ARM.Collect$$rtentry$$00000004  c_w.l(__rtentry4.o)
    0x080001ae   0x00000000   Code   RO         3857    .ARM.Collect$$rtentry$$00000009  c_w.l(__rtentry2.o)
    0x080001ae   0x00000004   Code   RO         3858    .ARM.Collect$$rtentry$$0000000A  c_w.l(__rtentry2.o)
    0x080001b2   0x00000000   Code   RO         3860    .ARM.Collect$$rtentry$$0000000C  c_w.l(__rtentry2.o)
    0x080001b2   0x00000008   Code   RO         3861    .ARM.Collect$$rtentry$$0000000D  c_w.l(__rtentry2.o)
    0x080001ba   0x00000002   Code   RO         4098    .ARM.Collect$$rtexit$$00000000  c_w.l(rtexit.o)
    0x080001bc   0x00000000   Code   RO         4146    .ARM.Collect$$rtexit$$00000002  c_w.l(rtexit2.o)
    0x080001bc   0x00000004   Code   RO         4147    .ARM.Collect$$rtexit$$00000003  c_w.l(rtexit2.o)
    0x080001c0   0x00000006   Code   RO         4148    .ARM.Collect$$rtexit$$00000004  c_w.l(rtexit2.o)
    0x080001c6   0x00000002   PAD
    0x080001c8   0x00000096   Code   RO         3104    .emb_text           port.o
    0x0800025e   0x00000002   PAD
    0x08000260   0x00000040   Code   RO            4    .text               startup_stm32f103xb.o
    0x080002a0   0x0000008a   Code   RO         3724    .text               c_w.l(rt_memcpy_v6.o)
    0x0800032a   0x00000064   Code   RO         3726    .text               c_w.l(rt_memcpy_w.o)
    0x0800038e   0x00000044   Code   RO         3730    .text               c_w.l(rt_memclr.o)
    0x080003d2   0x0000004e   Code   RO         3732    .text               c_w.l(rt_memclr_w.o)
    0x08000420   0x00000006   Code   RO         3736    .text               c_w.l(heapauxi.o)
    0x08000426   0x00000002   PAD
    0x08000428   0x00000008   Code   RO         3851    .text               c_w.l(libspace.o)
    0x08000430   0x0000004a   Code   RO         3906    .text               c_w.l(sys_stackheap_outer.o)
    0x0800047a   0x00000012   Code   RO         4017    .text               c_w.l(exit.o)
    0x0800048c   0x00000002   Code   RO         4095    .text               c_w.l(use_no_semi.o)
    0x0800048e   0x00000000   Code   RO         4097    .text               c_w.l(indicate_semi.o)
    0x0800048e   0x00000002   PAD
    0x08000490   0x0000000c   Code   RO         4143    .text               c_w.l(sys_exit.o)
    0x0800049c   0x00000002   Code   RO          375    i.BusFault_Handler  stm32f1xx_it.o
    0x0800049e   0x0000001c   Code   RO         3337    i.Column_set        oled.o
    0x080004ba   0x00000002   Code   RO          376    i.DebugMon_Handler  stm32f1xx_it.o
    0x080004bc   0x00000006   Code   RO          377    i.EXTI9_5_IRQHandler  stm32f1xx_it.o
    0x080004c2   0x00000004   Code   RO           13    i.Error_Handler     main.o
    0x080004c6   0x00000046   Code   RO          890    i.HAL_DMA_Abort     stm32f1xx_hal_dma.o
    0x0800050c   0x00000098   Code   RO          891    i.HAL_DMA_Abort_IT  stm32f1xx_hal_dma.o
    0x080005a4   0x00000040   Code   RO          205    i.HAL_GPIO_EXTI_Callback  gpio.o
    0x080005e4   0x00000018   Code   RO          825    i.HAL_GPIO_EXTI_IRQHandler  stm32f1xx_hal_gpio.o
    0x080005fc   0x000001e0   Code   RO          826    i.HAL_GPIO_Init     stm32f1xx_hal_gpio.o
    0x080007dc   0x0000000a   Code   RO          828    i.HAL_GPIO_ReadPin  stm32f1xx_hal_gpio.o
    0x080007e6   0x0000000a   Code   RO          830    i.HAL_GPIO_WritePin  stm32f1xx_hal_gpio.o
    0x080007f0   0x0000000c   Code   RO          522    i.HAL_GetTick       stm32f1xx_hal.o
    0x080007fc   0x00000010   Code   RO          528    i.HAL_IncTick       stm32f1xx_hal.o
    0x0800080c   0x00000024   Code   RO          529    i.HAL_Init          stm32f1xx_hal.o
    0x08000830   0x00000040   Code   RO          530    i.HAL_InitTick      stm32f1xx_hal.o
    0x08000870   0x00000048   Code   RO          451    i.HAL_MspInit       stm32f1xx_hal_msp.o
    0x080008b8   0x0000001a   Code   RO          986    i.HAL_NVIC_EnableIRQ  stm32f1xx_hal_cortex.o
    0x080008d2   0x00000002   PAD
    0x080008d4   0x00000040   Code   RO          992    i.HAL_NVIC_SetPriority  stm32f1xx_hal_cortex.o
    0x08000914   0x00000024   Code   RO          993    i.HAL_NVIC_SetPriorityGrouping  stm32f1xx_hal_cortex.o
    0x08000938   0x0000012c   Code   RO          686    i.HAL_RCC_ClockConfig  stm32f1xx_hal_rcc.o
    0x08000a64   0x00000020   Code   RO          693    i.HAL_RCC_GetPCLK1Freq  stm32f1xx_hal_rcc.o
    0x08000a84   0x00000020   Code   RO          694    i.HAL_RCC_GetPCLK2Freq  stm32f1xx_hal_rcc.o
    0x08000aa4   0x0000006c   Code   RO          695    i.HAL_RCC_GetSysClockFreq  stm32f1xx_hal_rcc.o
    0x08000b10   0x00000320   Code   RO          698    i.HAL_RCC_OscConfig  stm32f1xx_hal_rcc.o
    0x08000e30   0x00000028   Code   RO          997    i.HAL_SYSTICK_Config  stm32f1xx_hal_cortex.o
    0x08000e58   0x00000002   Code   RO         1533    i.HAL_UARTEx_RxEventCallback  stm32f1xx_hal_uart.o
    0x08000e5a   0x00000002   Code   RO         1547    i.HAL_UART_ErrorCallback  stm32f1xx_hal_uart.o
    0x08000e5c   0x0000020c   Code   RO         1550    i.HAL_UART_IRQHandler  stm32f1xx_hal_uart.o
    0x08001068   0x00000062   Code   RO         1551    i.HAL_UART_Init     stm32f1xx_hal_uart.o
    0x080010ca   0x00000002   PAD
    0x080010cc   0x00000110   Code   RO          308    i.HAL_UART_MspInit  usart.o
    0x080011dc   0x0000002a   Code   RO         1556    i.HAL_UART_Receive_IT  stm32f1xx_hal_uart.o
    0x08001206   0x00000002   PAD
    0x08001208   0x00000110   Code   RO          309    i.HAL_UART_RxCpltCallback  usart.o
    0x08001318   0x00000002   Code   RO         1562    i.HAL_UART_TxCpltCallback  stm32f1xx_hal_uart.o
    0x0800131a   0x00000002   Code   RO          378    i.HardFault_Handler  stm32f1xx_it.o
    0x0800131c   0x00000050   Code   RO         3338    i.IIC_start         oled.o
    0x0800136c   0x0000003c   Code   RO         3339    i.IIC_stop          oled.o
    0x080013a8   0x00000098   Code   RO         3340    i.IIC_write         oled.o
    0x08001440   0x0000000c   Code   RO          239    i.LSQ_StartTask02   freertos.o
    0x0800144c   0x0000003c   Code   RO          240    i.MX_FREERTOS_Init  freertos.o
    0x08001488   0x000000b4   Code   RO          206    i.MX_GPIO_Init      gpio.o
    0x0800153c   0x00000038   Code   RO          310    i.MX_USART1_UART_Init  usart.o
    0x08001574   0x00000054   Code   RO          311    i.MX_USART2_UART_Init  usart.o
    0x080015c8   0x00000038   Code   RO          312    i.MX_USART3_UART_Init  usart.o
    0x08001600   0x00000002   Code   RO          379    i.MemManage_Handler  stm32f1xx_it.o
    0x08001602   0x00000002   Code   RO          380    i.NMI_Handler       stm32f1xx_it.o
    0x08001604   0x0000002c   Code   RO         3341    i.OLED_Clear        oled.o
    0x08001630   0x00000030   Code   RO         3342    i.OLED_DrawPoint    oled.o
    0x08001660   0x00000034   Code   RO         3343    i.OLED_Refresh_Gram  oled.o
    0x08001694   0x00000090   Code   RO         3344    i.OLED_ShowChar     oled.o
    0x08001724   0x00000078   Code   RO         3345    i.OLED_ShowNumber   oled.o
    0x0800179c   0x0000003e   Code   RO         3346    i.OLED_ShowString   oled.o
    0x080017da   0x00000002   PAD
    0x080017dc   0x0000001c   Code   RO         3349    i.OLED_init         oled.o
    0x080017f8   0x0000001c   Code   RO         3350    i.OLED_send_cmd     oled.o
    0x08001814   0x0000001c   Code   RO         3351    i.OLED_send_data    oled.o
    0x08001830   0x00000008   Code   RO         3352    i.Page_set          oled.o
    0x08001838   0x00000008   Code   RO          241    i.StartDefaultTask  freertos.o
    0x08001840   0x00000018   Code   RO          381    i.SysTick_Handler   stm32f1xx_it.o
    0x08001858   0x0000005c   Code   RO           14    i.SystemClock_Config  main.o
    0x080018b4   0x00000002   Code   RO         1880    i.SystemInit        system_stm32f1xx.o
    0x080018b6   0x00000010   Code   RO         1564    i.UART_DMAAbortOnError  stm32f1xx_hal_uart.o
    0x080018c6   0x00000030   Code   RO         1574    i.UART_EndRxTransfer  stm32f1xx_hal_uart.o
    0x080018f6   0x000000b6   Code   RO         1576    i.UART_Receive_IT   stm32f1xx_hal_uart.o
    0x080019ac   0x000000b8   Code   RO         1577    i.UART_SetConfig    stm32f1xx_hal_uart.o
    0x08001a64   0x00000036   Code   RO         1579    i.UART_Start_Receive_IT  stm32f1xx_hal_uart.o
    0x08001a9a   0x00000002   PAD
    0x08001a9c   0x0000000c   Code   RO          382    i.USART2_IRQHandler  stm32f1xx_it.o
    0x08001aa8   0x00000002   Code   RO          383    i.UsageFault_Handler  stm32f1xx_it.o
    0x08001aaa   0x00000020   Code   RO          999    i.__NVIC_SetPriority  stm32f1xx_hal_cortex.o
    0x08001aca   0x00000010   Code   RO         3501    i.delay_us          delay.o
    0x08001ada   0x00000002   Code   RO         3533    i.fun_0             transaction.o
    0x08001adc   0x00000040   Code   RO         3534    i.fun_a1            transaction.o
    0x08001b1c   0x00000002   Code   RO         3535    i.fun_a21           transaction.o
    0x08001b1e   0x00000002   Code   RO         3536    i.fun_a22           transaction.o
    0x08001b20   0x00000040   Code   RO         3537    i.fun_b1            transaction.o
    0x08001b60   0x00000040   Code   RO         3538    i.fun_c1            transaction.o
    0x08001ba0   0x00000060   Code   RO           16    i.main              main.o
    0x08001c00   0x0000000c   Code   RO         2676    i.makeFreeRtosPriority  cmsis_os.o
    0x08001c0c   0x00000030   Code   RO         3543    i.menu              transaction.o
    0x08001c3c   0x00000010   Code   RO         3355    i.oled_pow          oled.o
    0x08001c4c   0x0000000e   Code   RO         2678    i.osDelay           cmsis_os.o
    0x08001c5a   0x0000000a   Code   RO         2681    i.osKernelStart     cmsis_os.o
    0x08001c64   0x00000054   Code   RO         2715    i.osThreadCreate    cmsis_os.o
    0x08001cb8   0x00000070   Code   RO         2373    i.prvAddCurrentTaskToDelayedList  tasks.o
    0x08001d28   0x000000d0   Code   RO         2374    i.prvAddNewTaskToReadyList  tasks.o
    0x08001df8   0x00000034   Code   RO         2375    i.prvDeleteTCB      tasks.o
    0x08001e2c   0x0000004c   Code   RO         3043    i.prvHeapInit       heap_4.o
    0x08001e78   0x00000064   Code   RO         2376    i.prvIdleTask       tasks.o
    0x08001edc   0x0000008e   Code   RO         2377    i.prvInitialiseNewTask  tasks.o
    0x08001f6a   0x00000002   PAD
    0x08001f6c   0x0000004c   Code   RO         3044    i.prvInsertBlockIntoFreeList  heap_4.o
    0x08001fb8   0x00000020   Code   RO         2378    i.prvResetNextTaskUnblockTime  tasks.o
    0x08001fd8   0x00000028   Code   RO         3105    i.prvTaskExitError  port.o
    0x08002000   0x000000d8   Code   RO         3045    i.pvPortMalloc      heap_4.o
    0x080020d8   0x00000024   Code   RO         3106    i.pxPortInitialiseStack  port.o
    0x080020fc   0x00000026   Code   RO         2018    i.uxListRemove      list.o
    0x08002122   0x00000002   PAD
    0x08002124   0x00000014   Code   RO          242    i.vApplicationGetIdleTaskMemory  freertos.o
    0x08002138   0x00000002   Code   RO          243    i.vApplicationIdleHook  freertos.o
    0x0800213a   0x00000016   Code   RO         2019    i.vListInitialise   list.o
    0x08002150   0x00000006   Code   RO         2020    i.vListInitialiseItem  list.o
    0x08002156   0x00000030   Code   RO         2021    i.vListInsert       list.o
    0x08002186   0x00000018   Code   RO         2022    i.vListInsertEnd    list.o
    0x0800219e   0x00000002   PAD
    0x080021a0   0x00000040   Code   RO         3108    i.vPortEnterCritical  port.o
    0x080021e0   0x00000028   Code   RO         3109    i.vPortExitCritical  port.o
    0x08002208   0x0000005c   Code   RO         3046    i.vPortFree         heap_4.o
    0x08002264   0x00000024   Code   RO         3110    i.vPortSetupTimerInterrupt  port.o
    0x08002288   0x0000000c   Code   RO          244    i.vTask1            freertos.o
    0x08002294   0x0000004c   Code   RO         2386    i.vTaskDelay        tasks.o
    0x080022e0   0x0000006c   Code   RO         2399    i.vTaskStartScheduler  tasks.o
    0x0800234c   0x00000010   Code   RO         2401    i.vTaskSuspendAll   tasks.o
    0x0800235c   0x0000005c   Code   RO         2402    i.vTaskSwitchContext  tasks.o
    0x080023b8   0x000000a8   Code   RO         3112    i.xPortStartScheduler  port.o
    0x08002460   0x0000002c   Code   RO         3113    i.xPortSysTickHandler  port.o
    0x0800248c   0x0000005a   Code   RO         2404    i.xTaskCreate       tasks.o
    0x080024e6   0x00000056   Code   RO         2405    i.xTaskCreateStatic  tasks.o
    0x0800253c   0x0000001c   Code   RO         2409    i.xTaskGetSchedulerState  tasks.o
    0x08002558   0x000000c8   Code   RO         2412    i.xTaskIncrementTick  tasks.o
    0x08002620   0x000000c4   Code   RO         2418    i.xTaskResumeAll    tasks.o
    0x080026e4   0x00000038   Data   RO          246    .constdata          freertos.o
    0x0800271c   0x00000010   Data   RO         1881    .constdata          system_stm32f1xx.o
    0x0800272c   0x00000008   Data   RO         1882    .constdata          system_stm32f1xx.o
    0x08002734   0x00000cbd   Data   RO         3357    .constdata          oled.o
    0x080033f1   0x00000003   PAD
    0x080033f4   0x0000001c   Data   RO          247    .conststring        freertos.o
    0x08003410   0x00000020   Data   RO         4214    Region$$Table       anon$$obj.o


    Execution Region RW_IRAM1 (Base: 0x20000000, Size: 0x00003e88, Max: 0x00005000, ABSOLUTE, COMPRESSED[0x0000003c])

    Base Addr    Size         Type   Attr      Idx    E Section Name        Object

    0x20000000   0x00000008   Data   RW          248    .data               freertos.o
    0x20000008   0x0000000c   Data   RW          314    .data               usart.o
    0x20000014   0x0000000c   Data   RW          536    .data               stm32f1xx_hal.o
    0x20000020   0x00000004   Data   RW         1883    .data               system_stm32f1xx.o
    0x20000024   0x0000003c   Data   RW         2421    .data               tasks.o
    0x20000060   0x00000018   Data   RW         3051    .data               heap_4.o
    0x20000078   0x0000000c   Data   RW         3114    .data               port.o
    0x20000084   0x000000fc   Data   RW         3545    .data               transaction.o
    0x20000180   0x00000254   Zero   RW          245    .bss                freertos.o
    0x200003d4   0x000006cc   Zero   RW          313    .bss                usart.o
    0x20000aa0   0x000000f0   Zero   RW         2420    .bss                tasks.o
    0x20000b90   0x00000c00   Zero   RW         3050    .bss                heap_4.o
    0x20001790   0x00002000   Zero   RW         3356    .bss                oled.o
    0x20003790   0x00000097   Zero   RW         3670    .bss                atgm336h.o
    0x20003827   0x00000001   PAD
    0x20003828   0x00000060   Zero   RW         3852    .bss                c_w.l(libspace.o)
    0x20003888   0x00000200   Zero   RW            2    HEAP                startup_stm32f103xb.o
    0x20003a88   0x00000400   Zero   RW            1    STACK               startup_stm32f103xb.o


==============================================================================

Image component sizes


      Code (inc. data)   RO Data    RW Data    ZI Data      Debug   Object Name

         0          0          0          0        151       1132   atgm336h.o
       120          0          0          0          0      22097   cmsis_os.o
        16          0          0          0          0        463   delay.o
         0          0          0          0          0      18068   event_groups.o
       114         12         84          8        596       3635   freertos.o
       244         30          0          0          0       1424   gpio.o
       460         24          0         24       3072       7023   heap_4.o
       138          0          0          0          0       3214   list.o
       192         16          0          0          0     426768   main.o
       898         42       3261          0       8192      10710   oled.o
       578         60          0         12          0      10020   port.o
        64         26        236          0       1536        780   startup_stm32f103xb.o
       128         24          0         12          0       5089   stm32f1xx_hal.o
       198         14          0          0          0      28755   stm32f1xx_hal_cortex.o
       222          4          0          0          0       1679   stm32f1xx_hal_dma.o
       524         40          0          0          0       3954   stm32f1xx_hal_gpio.o
        72         10          0          0          0        810   stm32f1xx_hal_msp.o
      1272        100          0          0          0       5016   stm32f1xx_hal_rcc.o
      1154         10          0          0          0       8100   stm32f1xx_hal_uart.o
        54          6          0          0          0       3692   stm32f1xx_it.o
         0          0          0          0          0        392   stream_buffer.o
         2          0         24          4          0       1023   system_stm32f1xx.o
      1538        116          0         60        240      16235   tasks.o
       246         22          0        252          0       4031   transaction.o
       740         80          0         12       1740       4372   usart.o

    ----------------------------------------------------------------------
      8992        636       3640        384      15528     588482   Object Totals
         0          0         32          0          0          0   (incl. Generated)
        18          0          3          0          1          0   (incl. Padding)

    ----------------------------------------------------------------------

      Code (inc. data)   RO Data    RW Data    ZI Data      Debug   Library Member Name

        90          0          0          0          0          0   __dczerorl2.o
         8          0          0          0          0         68   __main.o
         0          0          0          0          0          0   __rtentry.o
        12          0          0          0          0          0   __rtentry2.o
         6          0          0          0          0          0   __rtentry4.o
        52          8          0          0          0          0   __scatter.o
        28          0          0          0          0          0   __scatter_zi.o
        18          0          0          0          0         80   exit.o
         6          0          0          0          0        152   heapauxi.o
         0          0          0          0          0          0   indicate_semi.o
         2          0          0          0          0          0   libinit.o
         2          0          0          0          0          0   libinit2.o
         2          0          0          0          0          0   libshutdown.o
         2          0          0          0          0          0   libshutdown2.o
         8          4          0          0         96         68   libspace.o
        68          0          0          0          0         68   rt_memclr.o
        78          0          0          0          0         80   rt_memclr_w.o
       138          0          0          0          0         68   rt_memcpy_v6.o
       100          0          0          0          0         80   rt_memcpy_w.o
         2          0          0          0          0          0   rtexit.o
        10          0          0          0          0          0   rtexit2.o
        12          4          0          0          0         68   sys_exit.o
        74          0          0          0          0         80   sys_stackheap_outer.o
         2          0          0          0          0         68   use_no_semi.o

    ----------------------------------------------------------------------
       728         16          0          0         96        880   Library Totals
         8          0          0          0          0          0   (incl. Padding)

    ----------------------------------------------------------------------

      Code (inc. data)   RO Data    RW Data    ZI Data      Debug   Library Name

       720         16          0          0         96        880   c_w.l

    ----------------------------------------------------------------------
       728         16          0          0         96        880   Library Totals

    ----------------------------------------------------------------------

==============================================================================


      Code (inc. data)   RO Data    RW Data    ZI Data      Debug   

      9720        652       3640        384      15624     583118   Grand Totals
      9720        652       3640         60      15624     583118   ELF Image Totals (compressed)
      9720        652       3640         60          0          0   ROM Totals

==============================================================================

    Total RO  Size (Code + RO Data)                13360 (  13.05kB)
    Total RW  Size (RW Data + ZI Data)             16008 (  15.63kB)
    Total ROM Size (Code + RO Data + RW Data)      13420 (  13.11kB)

==============================================================================

